******************************************************************************
                  TI ARM Linker PC v20.2.5                     
******************************************************************************
>> Linked Mon May 15 15:48:30 2023

OUTPUT FILE NAME:   <LCD_RTOS.out>
ENTRY POINT SYMBOL: "_c_int00_noargs"  address: 0000754d


MEMORY CONFIGURATION

         name            origin    length      used     unused   attr    fill
----------------------  --------  ---------  --------  --------  ----  --------
  FLASH                 00000000   00040000  00007b40  000384c0  R  X
  SRAM                  20000000   00008000  00003da8  00004258  RW X


SEGMENT ALLOCATION MAP

run origin  load origin   length   init length attrs members
----------  ----------- ---------- ----------- ----- -------
00000000    00000000    00007b40   00007b40    r-x
  00000000    00000000    0000026c   0000026c    r-- .intvecs
  0000026c    0000026c    000073d4   000073d4    r-x .text
  00007640    00007640    000004c0   000004c0    r-- .const
  00007b00    00007b00    00000040   00000040    r-- .cinit
20000000    20000000    00003dab   00000000    rw-
  20000000    20000000    00003b3d   00000000    rw- .bss
  20003b40    20003b40    00000200   00000000    rw- .stack
  20003d40    20003d40    0000006b   00000000    rw- .data


SECTION ALLOCATION MAP

 output                                  attributes/
section   page    origin      length       input sections
--------  ----  ----------  ----------   ----------------
.intvecs   0    00000000    0000026c     
                  00000000    0000026c     startup_frt.obj (.intvecs)

.text      0    0000026c    000073d4     
                  0000026c    00001dd8     tasks.obj (.text)
                  00002044    000014f4     logging.obj (.text)
                  00003538    00000c46     queue.obj (.text)
                  0000417e    00000002     --HOLE-- [fill = 0]
                  00004180    00000770     icecream.obj (.text)
                  000048f0    000005e8     timers.obj (.text)
                  00004ed8    000004ac     lcd.obj (.text)
                  00005384    00000410     leds.obj (.text)
                  00005794    00000408     uart0.obj (.text)
                  00005b9c    000002f4     rtsv7M4_T_le_v4SPD16_eabi.lib : e_log10.c.obj (.text:log10)
                  00005e90    000002d4     main.obj (.text)
                  00006164    00000270     key.obj (.text)
                  000063d4    000001d8     heap_2.obj (.text)
                  000065ac    000001b6     rtsv7M4_T_le_v4SPD16_eabi.lib : fd_add_t2.asm.obj (.text)
                  00006762    00000002     --HOLE-- [fill = 0]
                  00006764    0000013c     port.obj (.text)
                  000068a0    00000136     rtsv7M4_T_le_v4SPD16_eabi.lib : fd_div_t2.asm.obj (.text)
                  000069d6    0000012a     list.obj (.text)
                  00006b00    00000124     rotary_encoder.obj (.text)
                  00006c24    000000fc     rtsv7M4_T_le_v4SPD16_eabi.lib : fd_mul_t2.asm.obj (.text)
                  00006d20    000000f8                                   : s_floor.c.obj (.text:floor)
                  00006e18    000000da     portasm.obj (.text)
                  00006ef2    00000002     --HOLE-- [fill = 0]
                  00006ef4    000000d8     clock.obj (.text)
                  00006fcc    000000c8     file.obj (.text)
                  00007094    000000a8     gpio.obj (.text)
                  0000713c    0000009c     rtsv7M4_T_le_v4SPD16_eabi.lib : memcpy_t2.asm.obj (.text)
                  000071d8    00000086                                   : fd_cmp_t2.asm.obj (.text:__aeabi_cdrcmple)
                  0000725e    0000007a                                   : memset_t2.asm.obj (.text)
                  000072d8    00000070     adc.obj (.text)
                  00007348    0000006c     systick_frt.obj (.text)
                  000073b4    00000068     rtsv7M4_T_le_v4SPD16_eabi.lib : copy_decompress_lzss.c.obj (.text:decompress:lzss:__TI_decompress_lzss)
                  0000741c    00000058     status_led.obj (.text)
                  00007474    0000004c     rtsv7M4_T_le_v4SPD16_eabi.lib : atoi.c.obj (.text:atoi)
                  000074c0    00000048                                   : fd_toi_t2.asm.obj (.text)
                  00007508    00000044                                   : autoinit.c.obj (.text:__TI_auto_init_nobinit_nopinit:__TI_auto_init_nobinit_nopinit)
                  0000754c    00000034                                   : boot_cortex_m.c.obj (.text:_c_int00_noargs:_c_int00_noargs)
                  00007580    00000034     buttons.obj (.text)
                  000075b4    0000002e     rtsv7M4_T_le_v4SPD16_eabi.lib : i_tofd_t2.asm.obj (.text)
                  000075e2    00000014                                   : strcpy.c.obj (.text:strcpy)
                  000075f6    00000014                                   : strlen.c.obj (.text:strlen)
                  0000760a    0000000e                                   : copy_decompress_none.c.obj (.text:decompress:none:__TI_decompress_none)
                  00007618    0000000c                                   : copy_zero_init.c.obj (.text:decompress:ZI:__TI_zero_init)
                  00007624    0000000c     startup_frt.obj (.text)
                  00007630    00000008     rtsv7M4_T_le_v4SPD16_eabi.lib : errno.c.obj (.text:__aeabi_errno_addr)
                  00007638    00000004                                   : pre_init.c.obj (.text:_system_pre_init)
                  0000763c    00000004                                   : exit.c.obj (.text:abort:abort)

.const     0    00007640    000004c0     
                  00007640    00000326     logging.obj (.const:.string)
                  00007966    00000101     rtsv7M4_T_le_v4SPD16_eabi.lib : ctype.c.obj (.const:.string:_ctypes_)
                  00007a67    00000050     logging.obj (.const:.string:$P$T2$3)
                  00007ab7    00000029     logging.obj (.const:.string:$P$T1$2)
                  00007ae0    0000000c     key.obj (.const:$P$T0$1)
                  00007aec    0000000a     lcd.obj (.const:.string:LCD_init_sequense)
                  00007af6    00000001     logging.obj (.const:.string:$P$T0$1)
                  00007af7    00000001     --HOLE-- [fill = 0]
                  00007af8    00000004     port.obj (.const)
                  00007afc    00000004     tasks.obj (.const)

.cinit     0    00007b00    00000040     
                  00007b00    0000001b     (.cinit..data.load) [load image, compression = lzss]
                  00007b1b    00000001     --HOLE-- [fill = 0]
                  00007b1c    0000000c     (__TI_handler_table)
                  00007b28    00000008     (.cinit..bss.load) [load image, compression = zero_init]
                  00007b30    00000010     (__TI_cinit_table)

.init_array 
*          0    00000000    00000000     UNINITIALIZED

.bss       0    20000000    00003b3d     UNINITIALIZED
                  20000000    000036b0     heap_2.obj (.bss:ucHeap)
                  200036b0    00000258     (.common:produced)
                  20003908    000000c8     tasks.obj (.bss:pxReadyTasksLists)
                  200039d0    00000040     (.common:pof)
                  20003a10    00000014     timers.obj (.bss:xActiveTimerList1)
                  20003a24    00000014     timers.obj (.bss:xActiveTimerList2)
                  20003a38    00000014     tasks.obj (.bss:xDelayedTaskList1)
                  20003a4c    00000014     tasks.obj (.bss:xDelayedTaskList2)
                  20003a60    00000014     tasks.obj (.bss:xPendingReadyList)
                  20003a74    00000014     tasks.obj (.bss:xSuspendedTaskList)
                  20003a88    00000014     tasks.obj (.bss:xTasksWaitingTermination)
                  20003a9c    00000008     tasks.obj (.bss)
                  20003aa4    00000008     timers.obj (.bss)
                  20003aac    00000008     heap_2.obj (.bss:xEnd)
                  20003ab4    00000008     heap_2.obj (.bss:xStart)
                  20003abc    00000006     (.common:current_ice)
                  20003ac2    00000001     (.common:LCD_init)
                  20003ac3    00000001     (.common:current_time_hour)
                  20003ac4    00000004     (.common:TchooseAmount)
                  20003ac8    00000004     (.common:Tenc)
                  20003acc    00000004     (.common:Tflavour)
                  20003ad0    00000004     (.common:Tkey)
                  20003ad4    00000004     (.common:Tliquid)
                  20003ad8    00000004     (.common:Tlocked)
                  20003adc    00000004     (.common:Tlogging)
                  20003ae0    00000004     (.common:TplaceCup)
                  20003ae4    00000004     (.common:Tproducing)
                  20003ae8    00000004     (.common:Tuart_rx)
                  20003aec    00000004     (.common:Tuart_tx)
                  20003af0    00000004     (.common:keypad_mutex)
                  20003af4    00000004     (.common:lcd_mutex)
                  20003af8    00000004     (.common:lcd_write_mutex)
                  20003afc    00000004     (.common:mutex_churning_time)
                  20003b00    00000004     (.common:mutex_liquid_base)
                  20003b04    00000004     (.common:mutex_production_time)
                  20003b08    00000004     (.common:mutex_time_of_day)
                  20003b0c    00000004     (.common:mutex_uart_rx)
                  20003b10    00000004     (.common:mutex_uart_send)
                  20003b14    00000004     (.common:mutex_uart_tx)
                  20003b18    00000004     (.common:q_keypad)
                  20003b1c    00000004     (.common:q_lcd)
                  20003b20    00000004     (.common:q_uart_rx)
                  20003b24    00000004     (.common:q_uart_tx)
                  20003b28    00000004     (.common:xTimer_led_dur)
                  20003b2c    00000004     (.common:xTimer_led_freq)
                  20003b30    00000004     (.common:xTimer_producing_dots)
                  20003b34    00000001     (.common:current_time_min)
                  20003b35    00000001     (.common:current_time_sec)
                  20003b36    00000001     (.common:global_led)
                  20003b37    00000001     (.common:key)
                  20003b38    00000001     (.common:rot_cnt)
                  20003b39    00000001     (.common:rot_pressed)
                  20003b3a    00000001     (.common:run_time_hour)
                  20003b3b    00000001     (.common:run_time_min)
                  20003b3c    00000001     (.common:run_time_sec)

.data      0    20003d40    0000006b     UNINITIALIZED
                  20003d40    00000034     tasks.obj (.data)
                  20003d74    0000000f     icecream.obj (.data)
                  20003d83    00000001     logging.obj (.data)
                  20003d84    0000000c     timers.obj (.data)
                  20003d90    00000008     heap_2.obj (.data)
                  20003d98    00000004     port.obj (.data)
                  20003d9c    00000004     rtsv7M4_T_le_v4SPD16_eabi.lib : errno.c.obj (.data)
                  20003da0    00000004     uart0.obj (.data)
                  20003da4    00000003     lcd.obj (.data)
                  20003da7    00000002     key.obj (.data)
                  20003da9    00000002     leds.obj (.data)

.stack     0    20003b40    00000200     UNINITIALIZED
                  20003b40    00000004     rtsv7M4_T_le_v4SPD16_eabi.lib : boot_cortex_m.c.obj (.stack)
                  20003b44    000001fc     --HOLE--

__llvm_prf_cnts 
*          0    20000000    00000000     UNINITIALIZED

MODULE SUMMARY

       Module                       code    ro data   rw data
       ------                       ----    -------   -------
    .\
       logging.obj                  5364    928       1      
       icecream.obj                 1904    0         622    
       lcd.obj                      1196    10        4      
       leds.obj                     1040    0         3      
       uart0.obj                    1032    0         4      
       main.obj                     724     0         112    
       key.obj                      624     12        2      
       rotary_encoder.obj           292     0         2      
       file.obj                     200     0         64     
       clock.obj                    216     0         6      
       gpio.obj                     168     0         0      
       adc.obj                      112     0         0      
       status_led.obj               88      0         0      
       buttons.obj                  52      0         0      
    +--+----------------------------+-------+---------+---------+
       Total:                       13012   950       820    
                                                             
    .\frt10\port\MemMang\
       heap_2.obj                   472     0         14024  
    +--+----------------------------+-------+---------+---------+
       Total:                       472     0         14024  
                                                             
    .\frt10\port\TivaM4\
       startup_frt.obj              12      620       0      
       port.obj                     316     4         4      
       portasm.obj                  218     0         0      
       systick_frt.obj              108     0         0      
    +--+----------------------------+-------+---------+---------+
       Total:                       654     624       4      
                                                             
    .\frt10\src\
       tasks.obj                    7640    4         360    
       queue.obj                    3142    0         0      
       timers.obj                   1512    0         60     
       list.obj                     298     0         0      
    +--+----------------------------+-------+---------+---------+
       Total:                       12592   4         420    
                                                             
    C:\ti\ccs1110\ccs\tools\compiler\ti-cgt-arm_20.2.5.LTS\lib\rtsv7M4_T_le_v4SPD16_eabi.lib
       e_log10.c.obj                756     0         0      
       fd_add_t2.asm.obj            438     0         0      
       fd_div_t2.asm.obj            310     0         0      
       ctype.c.obj                  0       257       0      
       fd_mul_t2.asm.obj            252     0         0      
       s_floor.c.obj                248     0         0      
       memcpy_t2.asm.obj            156     0         0      
       fd_cmp_t2.asm.obj            134     0         0      
       memset_t2.asm.obj            122     0         0      
       copy_decompress_lzss.c.obj   104     0         0      
       atoi.c.obj                   76      0         0      
       fd_toi_t2.asm.obj            72      0         0      
       autoinit.c.obj               68      0         0      
       boot_cortex_m.c.obj          52      0         0      
       i_tofd_t2.asm.obj            46      0         0      
       strcpy.c.obj                 20      0         0      
       strlen.c.obj                 20      0         0      
       copy_decompress_none.c.obj   14      0         0      
       copy_zero_init.c.obj         12      0         0      
       errno.c.obj                  8       0         4      
       exit.c.obj                   4       0         0      
       pre_init.c.obj               4       0         0      
    +--+----------------------------+-------+---------+---------+
       Total:                       2916    257       4      
                                                             
       Stack:                       0       0         512    
       Linker Generated:            0       63        0      
    +--+----------------------------+-------+---------+---------+
       Grand Total:                 29646   1898      15784  


LINKER GENERATED COPY TABLES

__TI_cinit_table @ 00007b30 records: 2, size/record: 8, table size: 16
	.data: load addr=00007b00, load size=0000001b bytes, run addr=20003d40, run size=0000006b bytes, compression=lzss
	.bss: load addr=00007b28, load size=00000008 bytes, run addr=20000000, run size=00003b3d bytes, compression=zero_init


LINKER GENERATED HANDLER TABLE

__TI_handler_table @ 00007b1c records: 3, size/record: 4, table size: 12
	index: 0, handler: __TI_decompress_lzss
	index: 1, handler: __TI_decompress_none
	index: 2, handler: __TI_zero_init


GLOBAL SYMBOLS: SORTED ALPHABETICALLY BY Name 

address   name                               
-------   ----                               
0000763d  C$$EXIT                            
20003da8  KEYPAD_state                       
20003ac2  LCD_init                           
00007aec  LCD_init_sequense                  
20003da4  LCD_state                          
00007625  ResetISR                           
00005135  Set_cursor                         
20003ac4  TchooseAmount                      
20003ac8  Tenc                               
20003acc  Tflavour                           
20003ad0  Tkey                               
20003ad4  Tliquid                            
20003ad8  Tlocked                            
20003adc  Tlogging                           
20003ae0  TplaceCup                          
20003ae4  Tproducing                         
20003ae8  Tuart_rx                           
20003aec  Tuart_tx                           
20003d40  __STACK_END                        
00000200  __STACK_SIZE                       
20003d40  __STACK_TOP                        
00007b30  __TI_CINIT_Base                    
00007b40  __TI_CINIT_Limit                   
00007b1c  __TI_Handler_Table_Base            
00007b28  __TI_Handler_Table_Limit           
00007509  __TI_auto_init_nobinit_nopinit     
000073b5  __TI_decompress_lzss               
0000760b  __TI_decompress_none               
ffffffff  __TI_pprof_out_hndl                
ffffffff  __TI_prof_data_size                
ffffffff  __TI_prof_data_start               
00000000  __TI_static_base__                 
00007619  __TI_zero_init                     
000071d9  __aeabi_cdrcmple                   
000074c1  __aeabi_d2iz                       
000065b7  __aeabi_dadd                       
000068a1  __aeabi_ddiv                       
00006c25  __aeabi_dmul                       
000065ad  __aeabi_dsub                       
00007631  __aeabi_errno_addr                 
000075b5  __aeabi_i2d                        
0000725f  __aeabi_memclr                     
0000725f  __aeabi_memclr4                    
0000725f  __aeabi_memclr8                    
0000713d  __aeabi_memcpy                     
0000713d  __aeabi_memcpy4                    
0000713d  __aeabi_memcpy8                    
00007261  __aeabi_memset                     
00007261  __aeabi_memset4                    
00007261  __aeabi_memset8                    
ffffffff  __binit__                          
ffffffff  __c_args__                         
UNDEFED   __mpu_init                         
20003b40  __stack                            
20000000  __start___llvm_prf_cnts            
20000000  __stop___llvm_prf_cnts             
0000754d  _c_int00_noargs                    
00007966  _ctypes_                           
UNDEFED   _system_post_cinit                 
00007639  _system_pre_init                   
0000763d  abort                              
00004225  add_to_code                        
00004181  ascii_to_num                       
00007475  atoi                               
ffffffff  binit                              
000075a9  button_task                        
20003da0  chars_send                         
000062bf  check_rows                         
00004435  choose_amount_task                 
20003d7f  chosen_flavour                     
20003d75  churning_time_chocolate            
20003d76  churning_time_strawberry           
20003d74  churning_time_vanilla              
00006ef5  clock_task                         
00005105  clr_LCD                            
000061cd  column                             
20003d83  console_state                      
20003abc  current_ice                        
20003ac3  current_time_hour                  
20003b34  current_time_min                   
20003b35  current_time_sec                   
20003d7b  cursor_x                           
20003d9c  errno                              
00004339  flavour_task                       
00006d21  floor                              
00006d21  floorl                             
00000000  g_pfnVectors                       
000072d9  get_adc                            
00006fef  get_file                           
0000626f  get_keyboard                       
000047b5  get_log                            
20003b36  global_led                         
0000512b  home_LCD                           
00005429  ice_cream_init                     
20003d7a  ice_state                          
20003d7e  icecream_amount                    
000072e1  init_adc                           
0000701b  init_files                         
00007095  init_gpio                          
00007349  init_systick                       
20003b37  key                                
00006241  key_catch                          
00006165  keypad_init                        
20003af0  keypad_mutex                       
00006305  keypad_task                        
20003d7c  keys_pressed                       
20003d79  lb_frequency_coco                  
20003d77  lb_frequency_milk                  
20003d78  lb_frequency_oat                   
000052fb  lcd_example                        
00004ed9  lcd_init                           
20003af4  lcd_mutex                          
00005189  lcd_task                           
000052b9  lcd_write                          
20003af8  lcd_write_mutex                    
00005795  lcrh_databits                      
000057d9  lcrh_parity                        
000057bf  lcrh_stopbits                      
00005485  led_flashing                       
0000542b  led_init                           
20003d80  liquid_base                        
000043a9  liquid_task                        
00004299  locked_task                        
00005b9d  log10                              
00005b9d  log10l                             
0000458d  log_data                           
00002045  logging_init                       
000021b1  logging_task                       
00005eff  main                               
0000713d  memcpy                             
00007267  memset                             
00004f41  move_LCD                           
20003afc  mutex_churning_time                
20003b00  mutex_liquid_base                  
20003b04  mutex_production_time              
20003b08  mutex_time_of_day                  
20003b0c  mutex_uart_rx                      
20003b10  mutex_uart_send                    
20003b14  mutex_uart_tx                      
20003d82  num_ice                            
00002071  number_length                      
00005145  out_LCD                            
00005099  out_LCD_high                       
0000504f  out_LCD_low                        
00000d21  pcTaskGetName                      
00004a97  pcTimerGetName                     
00004501  place_cup_task                     
200039d0  pof                                
200036b0  produced                           
00004635  producing_task                     
00006fcd  put_file                           
000063d5  pvPortMalloc                       
00001877  pvTaskIncrementMutexHeldCount      
00004e8d  pvTimerGetTimerID                  
20003d40  pxCurrentTCB                       
00006765  pxPortInitialiseStack              
20003b18  q_keypad                           
20003b1c  q_lcd                              
20003b20  q_uart_rx                          
20003b24  q_uart_tx                          
000020ad  receive_input                      
20003b38  rot_cnt                            
20003b39  rot_pressed                        
00006b01  rotary_enc_init                    
00006b45  rotary_enc_task                    
00006181  row                                
20003b3a  run_time_hour                      
20003b3b  run_time_min                       
20003b3c  run_time_sec                       
0000620d  set_column                         
20003da7  state                              
0000741d  status_led_init                    
0000744b  status_led_task                    
000075e3  strcpy                             
000075f7  strlen                             
00005ecb  suspend_task                       
00007581  sw1_pushed                         
00007595  sw2_pushed                         
20003d81  time_of_day                        
20003da9  timer_state                        
000055e1  turn_led                           
0000582d  uart0_fifos_disable                
00005821  uart0_fifos_enable                 
0000596b  uart0_get_q                        
000059c3  uart0_getc                         
00005839  uart0_init                         
000059eb  uart0_put_char                     
00005919  uart0_put_q                        
00005a39  uart0_put_string                   
000059d7  uart0_putc                         
000059b9  uart0_rx_rdy                       
000059cb  uart0_tx_rdy                       
00005aa9  uart_rx_task                       
00005af7  uart_tx_task                       
00007af8  ulMaxSyscallInterruptPriority      
00006e29  ulPortGetIPSR                      
00001895  ulTaskGenericNotifyTake            
00001f05  ulTaskGenericNotifyValueClear      
00006ab9  uxListRemove                       
00003e71  uxQueueMessagesWaiting             
00003ea7  uxQueueMessagesWaitingFromISR      
00003e87  uxQueueSpacesAvailable             
00000d15  uxTaskGetNumberOfTasks             
00000621  uxTaskPriorityGet                  
0000064d  uxTaskPriorityGetFromISR           
00001855  uxTaskResetEventItemValue          
00004a59  uxTimerGetReloadMode               
00007afc  uxTopUsedPriority                  
000069d7  vListInitialise                    
00006a07  vListInitialiseItem                
00006a53  vListInsert                        
00006a17  vListInsertEnd                     
00006ee5  vPortEnableVFP                     
00006805  vPortEndScheduler                  
00006807  vPortEnterCritical                 
00006827  vPortExitCritical                  
000064ed  vPortFree                          
00006551  vPortInitialiseBlocks              
00006ea1  vPortSVCHandler                    
00006863  vPortSetupTimerInterrupt           
00006ec1  vPortStartFirstTask                
00003ebd  vQueueDelete                       
00004123  vQueueWaitForMessageRestricted     
000005eb  vTaskDelay                         
000004a3  vTaskDelete                        
00000b23  vTaskEndScheduler                  
00001d5d  vTaskGenericNotifyGiveFromISR      
00001337  vTaskInternalSetTimeOutState       
000013d9  vTaskMissedYield                   
00000fb3  vTaskPlaceOnEventList              
00001045  vTaskPlaceOnEventListRestricted    
00000fcf  vTaskPlaceOnUnorderedEventList     
00001749  vTaskPriorityDisinheritAfterTimeout
000006a9  vTaskPrioritySet                   
0000120f  vTaskRemoveFromUnorderedEventList  
0000092b  vTaskResume                        
00001319  vTaskSetTimeOutState               
00000acd  vTaskStartScheduler                
00000801  vTaskSuspend                       
00000b45  vTaskSuspendAll                    
00000f51  vTaskSwitchContext                 
00004a23  vTimerSetReloadMode                
00004ea7  vTimerSetTimerID                   
00004f03  wr_ch_LCD                          
000050af  wr_ctrl_LCD                        
00005039  wr_ctrl_LCD_high                   
00004f77  wr_ctrl_LCD_low                    
00004f23  wr_str_LCD                         
0000654b  xPortGetFreeHeapSize               
00006e41  xPortPendSVHandler                 
000067cf  xPortStartScheduler                
0000683d  xPortSysTickHandler                
000036db  xQueueCreateMutex                  
0000360b  xQueueGenericCreate                
00003539  xQueueGenericReset                 
00003787  xQueueGenericSend                  
000038b5  xQueueGenericSendFromISR           
00003957  xQueueGiveFromISR                  
00003707  xQueueGiveMutexRecursive           
000040b7  xQueueIsQueueEmptyFromISR          
000040fd  xQueueIsQueueFullFromISR           
00003c63  xQueuePeek                         
00003e1f  xQueuePeekFromISR                  
000039eb  xQueueReceive                      
00003d85  xQueueReceiveFromISR               
00003b09  xQueueSemaphoreTake                
00003743  xQueueTakeMutexRecursive           
00000d41  xTaskCatchUpTicks                  
00001355  xTaskCheckForTimeOut               
0000026d  xTaskCreate                        
0000055b  xTaskDelayUntil                    
000019fd  xTaskGenericNotify                 
00001b81  xTaskGenericNotifyFromISR          
00001eb5  xTaskGenericNotifyStateClear       
00001933  xTaskGenericNotifyWait             
000014e9  xTaskGetCurrentTaskHandle          
000014f9  xTaskGetSchedulerState             
00000ce9  xTaskGetTickCount                  
00000d01  xTaskGetTickCountFromISR           
00000d89  xTaskIncrementTick                 
00001661  xTaskPriorityDisinherit            
00001531  xTaskPriorityInherit               
000010b1  xTaskRemoveFromEventList           
00000b59  xTaskResumeAll                     
000009f5  xTaskResumeFromISR                 
0000491b  xTimerCreate                       
000048f1  xTimerCreateTimerTask              
0000499f  xTimerGenericCommand               
00004a81  xTimerGetExpiryTime                
00004a11  xTimerGetPeriod                    
00004a0b  xTimerGetTimerDaemonTaskHandle     
00004e65  xTimerIsTimerActive                
20003b28  xTimer_led_dur                     
20003b2c  xTimer_led_freq                    
20003b30  xTimer_producing_dots              


GLOBAL SYMBOLS: SORTED BY Symbol Address 

address   name                               
-------   ----                               
00000000  __TI_static_base__                 
00000000  g_pfnVectors                       
00000200  __STACK_SIZE                       
0000026d  xTaskCreate                        
000004a3  vTaskDelete                        
0000055b  xTaskDelayUntil                    
000005eb  vTaskDelay                         
00000621  uxTaskPriorityGet                  
0000064d  uxTaskPriorityGetFromISR           
000006a9  vTaskPrioritySet                   
00000801  vTaskSuspend                       
0000092b  vTaskResume                        
000009f5  xTaskResumeFromISR                 
00000acd  vTaskStartScheduler                
00000b23  vTaskEndScheduler                  
00000b45  vTaskSuspendAll                    
00000b59  xTaskResumeAll                     
00000ce9  xTaskGetTickCount                  
00000d01  xTaskGetTickCountFromISR           
00000d15  uxTaskGetNumberOfTasks             
00000d21  pcTaskGetName                      
00000d41  xTaskCatchUpTicks                  
00000d89  xTaskIncrementTick                 
00000f51  vTaskSwitchContext                 
00000fb3  vTaskPlaceOnEventList              
00000fcf  vTaskPlaceOnUnorderedEventList     
00001045  vTaskPlaceOnEventListRestricted    
000010b1  xTaskRemoveFromEventList           
0000120f  vTaskRemoveFromUnorderedEventList  
00001319  vTaskSetTimeOutState               
00001337  vTaskInternalSetTimeOutState       
00001355  xTaskCheckForTimeOut               
000013d9  vTaskMissedYield                   
000014e9  xTaskGetCurrentTaskHandle          
000014f9  xTaskGetSchedulerState             
00001531  xTaskPriorityInherit               
00001661  xTaskPriorityDisinherit            
00001749  vTaskPriorityDisinheritAfterTimeout
00001855  uxTaskResetEventItemValue          
00001877  pvTaskIncrementMutexHeldCount      
00001895  ulTaskGenericNotifyTake            
00001933  xTaskGenericNotifyWait             
000019fd  xTaskGenericNotify                 
00001b81  xTaskGenericNotifyFromISR          
00001d5d  vTaskGenericNotifyGiveFromISR      
00001eb5  xTaskGenericNotifyStateClear       
00001f05  ulTaskGenericNotifyValueClear      
00002045  logging_init                       
00002071  number_length                      
000020ad  receive_input                      
000021b1  logging_task                       
00003539  xQueueGenericReset                 
0000360b  xQueueGenericCreate                
000036db  xQueueCreateMutex                  
00003707  xQueueGiveMutexRecursive           
00003743  xQueueTakeMutexRecursive           
00003787  xQueueGenericSend                  
000038b5  xQueueGenericSendFromISR           
00003957  xQueueGiveFromISR                  
000039eb  xQueueReceive                      
00003b09  xQueueSemaphoreTake                
00003c63  xQueuePeek                         
00003d85  xQueueReceiveFromISR               
00003e1f  xQueuePeekFromISR                  
00003e71  uxQueueMessagesWaiting             
00003e87  uxQueueSpacesAvailable             
00003ea7  uxQueueMessagesWaitingFromISR      
00003ebd  vQueueDelete                       
000040b7  xQueueIsQueueEmptyFromISR          
000040fd  xQueueIsQueueFullFromISR           
00004123  vQueueWaitForMessageRestricted     
00004181  ascii_to_num                       
00004225  add_to_code                        
00004299  locked_task                        
00004339  flavour_task                       
000043a9  liquid_task                        
00004435  choose_amount_task                 
00004501  place_cup_task                     
0000458d  log_data                           
00004635  producing_task                     
000047b5  get_log                            
000048f1  xTimerCreateTimerTask              
0000491b  xTimerCreate                       
0000499f  xTimerGenericCommand               
00004a0b  xTimerGetTimerDaemonTaskHandle     
00004a11  xTimerGetPeriod                    
00004a23  vTimerSetReloadMode                
00004a59  uxTimerGetReloadMode               
00004a81  xTimerGetExpiryTime                
00004a97  pcTimerGetName                     
00004e65  xTimerIsTimerActive                
00004e8d  pvTimerGetTimerID                  
00004ea7  vTimerSetTimerID                   
00004ed9  lcd_init                           
00004f03  wr_ch_LCD                          
00004f23  wr_str_LCD                         
00004f41  move_LCD                           
00004f77  wr_ctrl_LCD_low                    
00005039  wr_ctrl_LCD_high                   
0000504f  out_LCD_low                        
00005099  out_LCD_high                       
000050af  wr_ctrl_LCD                        
00005105  clr_LCD                            
0000512b  home_LCD                           
00005135  Set_cursor                         
00005145  out_LCD                            
00005189  lcd_task                           
000052b9  lcd_write                          
000052fb  lcd_example                        
00005429  ice_cream_init                     
0000542b  led_init                           
00005485  led_flashing                       
000055e1  turn_led                           
00005795  lcrh_databits                      
000057bf  lcrh_stopbits                      
000057d9  lcrh_parity                        
00005821  uart0_fifos_enable                 
0000582d  uart0_fifos_disable                
00005839  uart0_init                         
00005919  uart0_put_q                        
0000596b  uart0_get_q                        
000059b9  uart0_rx_rdy                       
000059c3  uart0_getc                         
000059cb  uart0_tx_rdy                       
000059d7  uart0_putc                         
000059eb  uart0_put_char                     
00005a39  uart0_put_string                   
00005aa9  uart_rx_task                       
00005af7  uart_tx_task                       
00005b9d  log10                              
00005b9d  log10l                             
00005ecb  suspend_task                       
00005eff  main                               
00006165  keypad_init                        
00006181  row                                
000061cd  column                             
0000620d  set_column                         
00006241  key_catch                          
0000626f  get_keyboard                       
000062bf  check_rows                         
00006305  keypad_task                        
000063d5  pvPortMalloc                       
000064ed  vPortFree                          
0000654b  xPortGetFreeHeapSize               
00006551  vPortInitialiseBlocks              
000065ad  __aeabi_dsub                       
000065b7  __aeabi_dadd                       
00006765  pxPortInitialiseStack              
000067cf  xPortStartScheduler                
00006805  vPortEndScheduler                  
00006807  vPortEnterCritical                 
00006827  vPortExitCritical                  
0000683d  xPortSysTickHandler                
00006863  vPortSetupTimerInterrupt           
000068a1  __aeabi_ddiv                       
000069d7  vListInitialise                    
00006a07  vListInitialiseItem                
00006a17  vListInsertEnd                     
00006a53  vListInsert                        
00006ab9  uxListRemove                       
00006b01  rotary_enc_init                    
00006b45  rotary_enc_task                    
00006c25  __aeabi_dmul                       
00006d21  floor                              
00006d21  floorl                             
00006e29  ulPortGetIPSR                      
00006e41  xPortPendSVHandler                 
00006ea1  vPortSVCHandler                    
00006ec1  vPortStartFirstTask                
00006ee5  vPortEnableVFP                     
00006ef5  clock_task                         
00006fcd  put_file                           
00006fef  get_file                           
0000701b  init_files                         
00007095  init_gpio                          
0000713d  __aeabi_memcpy                     
0000713d  __aeabi_memcpy4                    
0000713d  __aeabi_memcpy8                    
0000713d  memcpy                             
000071d9  __aeabi_cdrcmple                   
0000725f  __aeabi_memclr                     
0000725f  __aeabi_memclr4                    
0000725f  __aeabi_memclr8                    
00007261  __aeabi_memset                     
00007261  __aeabi_memset4                    
00007261  __aeabi_memset8                    
00007267  memset                             
000072d9  get_adc                            
000072e1  init_adc                           
00007349  init_systick                       
000073b5  __TI_decompress_lzss               
0000741d  status_led_init                    
0000744b  status_led_task                    
00007475  atoi                               
000074c1  __aeabi_d2iz                       
00007509  __TI_auto_init_nobinit_nopinit     
0000754d  _c_int00_noargs                    
00007581  sw1_pushed                         
00007595  sw2_pushed                         
000075a9  button_task                        
000075b5  __aeabi_i2d                        
000075e3  strcpy                             
000075f7  strlen                             
0000760b  __TI_decompress_none               
00007619  __TI_zero_init                     
00007625  ResetISR                           
00007631  __aeabi_errno_addr                 
00007639  _system_pre_init                   
0000763d  C$$EXIT                            
0000763d  abort                              
00007966  _ctypes_                           
00007aec  LCD_init_sequense                  
00007af8  ulMaxSyscallInterruptPriority      
00007afc  uxTopUsedPriority                  
00007b1c  __TI_Handler_Table_Base            
00007b28  __TI_Handler_Table_Limit           
00007b30  __TI_CINIT_Base                    
00007b40  __TI_CINIT_Limit                   
20000000  __start___llvm_prf_cnts            
20000000  __stop___llvm_prf_cnts             
200036b0  produced                           
200039d0  pof                                
20003abc  current_ice                        
20003ac2  LCD_init                           
20003ac3  current_time_hour                  
20003ac4  TchooseAmount                      
20003ac8  Tenc                               
20003acc  Tflavour                           
20003ad0  Tkey                               
20003ad4  Tliquid                            
20003ad8  Tlocked                            
20003adc  Tlogging                           
20003ae0  TplaceCup                          
20003ae4  Tproducing                         
20003ae8  Tuart_rx                           
20003aec  Tuart_tx                           
20003af0  keypad_mutex                       
20003af4  lcd_mutex                          
20003af8  lcd_write_mutex                    
20003afc  mutex_churning_time                
20003b00  mutex_liquid_base                  
20003b04  mutex_production_time              
20003b08  mutex_time_of_day                  
20003b0c  mutex_uart_rx                      
20003b10  mutex_uart_send                    
20003b14  mutex_uart_tx                      
20003b18  q_keypad                           
20003b1c  q_lcd                              
20003b20  q_uart_rx                          
20003b24  q_uart_tx                          
20003b28  xTimer_led_dur                     
20003b2c  xTimer_led_freq                    
20003b30  xTimer_producing_dots              
20003b34  current_time_min                   
20003b35  current_time_sec                   
20003b36  global_led                         
20003b37  key                                
20003b38  rot_cnt                            
20003b39  rot_pressed                        
20003b3a  run_time_hour                      
20003b3b  run_time_min                       
20003b3c  run_time_sec                       
20003b40  __stack                            
20003d40  __STACK_END                        
20003d40  __STACK_TOP                        
20003d40  pxCurrentTCB                       
20003d74  churning_time_vanilla              
20003d75  churning_time_chocolate            
20003d76  churning_time_strawberry           
20003d77  lb_frequency_milk                  
20003d78  lb_frequency_oat                   
20003d79  lb_frequency_coco                  
20003d7a  ice_state                          
20003d7b  cursor_x                           
20003d7c  keys_pressed                       
20003d7e  icecream_amount                    
20003d7f  chosen_flavour                     
20003d80  liquid_base                        
20003d81  time_of_day                        
20003d82  num_ice                            
20003d83  console_state                      
20003d9c  errno                              
20003da0  chars_send                         
20003da4  LCD_state                          
20003da7  state                              
20003da8  KEYPAD_state                       
20003da9  timer_state                        
ffffffff  __TI_pprof_out_hndl                
ffffffff  __TI_prof_data_size                
ffffffff  __TI_prof_data_start               
ffffffff  __binit__                          
ffffffff  __c_args__                         
ffffffff  binit                              
UNDEFED   __mpu_init                         
UNDEFED   _system_post_cinit                 

[295 symbols]
