******************************************************************************
                  TI ARM Linker PC v20.2.5                     
******************************************************************************
>> Linked Sun May  7 00:49:21 2023

OUTPUT FILE NAME:   <LCD_RTOS.out>
ENTRY POINT SYMBOL: "_c_int00_noargs"  address: 00004875


MEMORY CONFIGURATION

         name            origin    length      used     unused   attr    fill
----------------------  --------  ---------  --------  --------  ----  --------
  FLASH                 00000000   00040000  0000492e  0003b6d2  R  X
  SRAM                  20000000   00008000  00001f80  00006080  RW X


SEGMENT ALLOCATION MAP

run origin  load origin   length   init length attrs members
----------  ----------- ---------- ----------- ----- -------
00000000    00000000    00004930   00004930    r-x
  00000000    00000000    0000026c   0000026c    r-- .intvecs
  0000026c    0000026c    0000466a   0000466a    r-x .text
  000048d8    000048d8    00000020   00000020    r-- .const
  000048f8    000048f8    00000038   00000038    r-- .cinit
20000000    20000000    00001f82   00000000    rw-
  20000000    20000000    00001d2e   00000000    rw- .bss
  20001d30    20001d30    00000200   00000000    rw- .stack
  20001f30    20001f30    00000052   00000000    rw- .data


SECTION ALLOCATION MAP

 output                                  attributes/
section   page    origin      length       input sections
--------  ----  ----------  ----------   ----------------
.intvecs   0    00000000    0000026c     
                  00000000    0000026c     startup_frt.obj (.intvecs)

.text      0    0000026c    0000466a     
                  0000026c    00001dd8     tasks.obj (.text)
                  00002044    00000c46     queue.obj (.text)
                  00002c8a    00000002     --HOLE-- [fill = 0]
                  00002c8c    000005e8     timers.obj (.text)
                  00003274    00000470     lcd.obj (.text)
                  000036e4    000002f0     leds.obj (.text)
                  000039d4    00000270     key.obj (.text)
                  00003c44    00000254     uart0.obj (.text)
                  00003e98    000001d8     heap_2.obj (.text)
                  00004070    0000013c     port.obj (.text)
                  000041ac    0000012a     list.obj (.text)
                  000042d6    00000002     --HOLE-- [fill = 0]
                  000042d8    000000da     portasm.obj (.text)
                  000043b2    00000002     --HOLE-- [fill = 0]
                  000043b4    000000c8     file.obj (.text)
                  0000447c    000000c8     main.obj (.text)
                  00004544    000000a8     gpio.obj (.text)
                  000045ec    0000009c     rtsv7M4_T_le_v4SPD16_eabi.lib : memcpy_t2.asm.obj (.text)
                  00004688    0000007a                                   : memset_t2.asm.obj (.text)
                  00004702    00000002     --HOLE-- [fill = 0]
                  00004704    0000006c     systick_frt.obj (.text)
                  00004770    00000068     rtsv7M4_T_le_v4SPD16_eabi.lib : copy_decompress_lzss.c.obj (.text:decompress:lzss:__TI_decompress_lzss)
                  000047d8    00000058     status_led.obj (.text)
                  00004830    00000044     rtsv7M4_T_le_v4SPD16_eabi.lib : autoinit.c.obj (.text:__TI_auto_init_nobinit_nopinit:__TI_auto_init_nobinit_nopinit)
                  00004874    00000034                                   : boot_cortex_m.c.obj (.text:_c_int00_noargs:_c_int00_noargs)
                  000048a8    0000000e                                   : copy_decompress_none.c.obj (.text:decompress:none:__TI_decompress_none)
                  000048b6    0000000c                                   : copy_zero_init.c.obj (.text:decompress:ZI:__TI_zero_init)
                  000048c2    0000000c     startup_frt.obj (.text)
                  000048ce    00000004     rtsv7M4_T_le_v4SPD16_eabi.lib : pre_init.c.obj (.text:_system_pre_init)
                  000048d2    00000004                                   : exit.c.obj (.text:abort:abort)

.const     0    000048d8    00000020     
                  000048d8    0000000c     key.obj (.const:$P$T0$1)
                  000048e4    0000000a     lcd.obj (.const:.string:LCD_init_sequense)
                  000048ee    00000002     --HOLE-- [fill = 0]
                  000048f0    00000004     port.obj (.const)
                  000048f4    00000004     tasks.obj (.const)

.cinit     0    000048f8    00000038     
                  000048f8    00000012     (.cinit..data.load) [load image, compression = lzss]
                  0000490a    00000002     --HOLE-- [fill = 0]
                  0000490c    0000000c     (__TI_handler_table)
                  00004918    00000008     (.cinit..bss.load) [load image, compression = zero_init]
                  00004920    00000010     (__TI_cinit_table)

.init_array 
*          0    00000000    00000000     UNINITIALIZED

.bss       0    20000000    00001d2e     UNINITIALIZED
                  20000000    00001b58     heap_2.obj (.bss:ucHeap)
                  20001b58    000000c8     tasks.obj (.bss:pxReadyTasksLists)
                  20001c20    00000040     (.common:pof)
                  20001c60    00000014     timers.obj (.bss:xActiveTimerList1)
                  20001c74    00000014     timers.obj (.bss:xActiveTimerList2)
                  20001c88    00000014     tasks.obj (.bss:xDelayedTaskList1)
                  20001c9c    00000014     tasks.obj (.bss:xDelayedTaskList2)
                  20001cb0    00000014     tasks.obj (.bss:xPendingReadyList)
                  20001cc4    00000014     tasks.obj (.bss:xSuspendedTaskList)
                  20001cd8    00000014     tasks.obj (.bss:xTasksWaitingTermination)
                  20001cec    00000008     tasks.obj (.bss)
                  20001cf4    00000008     timers.obj (.bss)
                  20001cfc    00000008     heap_2.obj (.bss:xEnd)
                  20001d04    00000008     heap_2.obj (.bss:xStart)
                  20001d0c    00000004     (.common:keypad_mutex)
                  20001d10    00000004     (.common:lcd_mutex)
                  20001d14    00000004     (.common:q_keypad)
                  20001d18    00000004     (.common:q_lcd)
                  20001d1c    00000004     (.common:q_uart_rx)
                  20001d20    00000004     (.common:q_uart_tx)
                  20001d24    00000004     (.common:xTimer_led_dur)
                  20001d28    00000004     (.common:xTimer_led_freq)
                  20001d2c    00000001     (.common:LCD_init)
                  20001d2d    00000001     (.common:global_led)

.data      0    20001f30    00000052     UNINITIALIZED
                  20001f30    00000034     tasks.obj (.data)
                  20001f64    0000000c     timers.obj (.data)
                  20001f70    00000008     heap_2.obj (.data)
                  20001f78    00000004     port.obj (.data)
                  20001f7c    00000003     lcd.obj (.data)
                  20001f7f    00000002     key.obj (.data)
                  20001f81    00000001     leds.obj (.data)

.stack     0    20001d30    00000200     UNINITIALIZED
                  20001d30    00000004     rtsv7M4_T_le_v4SPD16_eabi.lib : boot_cortex_m.c.obj (.stack)
                  20001d34    000001fc     --HOLE--

__llvm_prf_cnts 
*          0    20000000    00000000     UNINITIALIZED

MODULE SUMMARY

       Module                       code    ro data   rw data
       ------                       ----    -------   -------
    .\
       lcd.obj                      1136    10        4      
       leds.obj                     752     0         2      
       key.obj                      624     12        2      
       uart0.obj                    596     0         0      
       file.obj                     200     0         64     
       main.obj                     200     0         32     
       gpio.obj                     168     0         0      
       status_led.obj               88      0         0      
    +--+----------------------------+-------+---------+---------+
       Total:                       3764    22        104    
                                                             
    .\frt10\port\MemMang\
       heap_2.obj                   472     0         7024   
    +--+----------------------------+-------+---------+---------+
       Total:                       472     0         7024   
                                                             
    .\frt10\port\TivaM4\
       startup_frt.obj              12      620       0      
       port.obj                     316     4         4      
       portasm.obj                  218     0         0      
       systick_frt.obj              108     0         0      
    +--+----------------------------+-------+---------+---------+
       Total:                       654     624       4      
                                                             
    .\frt10\src\
       tasks.obj                    7640    4         360    
       queue.obj                    3142    0         0      
       timers.obj                   1512    0         60     
       list.obj                     298     0         0      
    +--+----------------------------+-------+---------+---------+
       Total:                       12592   4         420    
                                                             
    C:\ti\ccs1110\ccs\tools\compiler\ti-cgt-arm_20.2.5.LTS\lib\rtsv7M4_T_le_v4SPD16_eabi.lib
       memcpy_t2.asm.obj            156     0         0      
       memset_t2.asm.obj            122     0         0      
       copy_decompress_lzss.c.obj   104     0         0      
       autoinit.c.obj               68      0         0      
       boot_cortex_m.c.obj          52      0         0      
       copy_decompress_none.c.obj   14      0         0      
       copy_zero_init.c.obj         12      0         0      
       exit.c.obj                   4       0         0      
       pre_init.c.obj               4       0         0      
    +--+----------------------------+-------+---------+---------+
       Total:                       536     0         0      
                                                             
       Stack:                       0       0         512    
       Linker Generated:            0       54        0      
    +--+----------------------------+-------+---------+---------+
       Grand Total:                 18018   704       8064   


LINKER GENERATED COPY TABLES

__TI_cinit_table @ 00004920 records: 2, size/record: 8, table size: 16
	.data: load addr=000048f8, load size=00000012 bytes, run addr=20001f30, run size=00000052 bytes, compression=lzss
	.bss: load addr=00004918, load size=00000008 bytes, run addr=20000000, run size=00001d2e bytes, compression=zero_init


LINKER GENERATED HANDLER TABLE

__TI_handler_table @ 0000490c records: 3, size/record: 4, table size: 12
	index: 0, handler: __TI_decompress_lzss
	index: 1, handler: __TI_decompress_none
	index: 2, handler: __TI_zero_init


GLOBAL SYMBOLS: SORTED ALPHABETICALLY BY Name 

address   name                               
-------   ----                               
000048d3  C$$EXIT                            
20001f80  KEYPAD_state                       
20001d2c  LCD_init                           
000048e4  LCD_init_sequense                  
20001f7c  LCD_state                          
000048c3  ResetISR                           
000034ab  Set_cursor                         
20001f30  __STACK_END                        
00000200  __STACK_SIZE                       
20001f30  __STACK_TOP                        
00004920  __TI_CINIT_Base                    
00004930  __TI_CINIT_Limit                   
0000490c  __TI_Handler_Table_Base            
00004918  __TI_Handler_Table_Limit           
00004831  __TI_auto_init_nobinit_nopinit     
00004771  __TI_decompress_lzss               
000048a9  __TI_decompress_none               
ffffffff  __TI_pprof_out_hndl                
ffffffff  __TI_prof_data_size                
ffffffff  __TI_prof_data_start               
00000000  __TI_static_base__                 
000048b7  __TI_zero_init                     
00004689  __aeabi_memclr                     
00004689  __aeabi_memclr4                    
00004689  __aeabi_memclr8                    
000045ed  __aeabi_memcpy                     
000045ed  __aeabi_memcpy4                    
000045ed  __aeabi_memcpy8                    
0000468b  __aeabi_memset                     
0000468b  __aeabi_memset4                    
0000468b  __aeabi_memset8                    
ffffffff  __binit__                          
ffffffff  __c_args__                         
UNDEFED   __mpu_init                         
20001d30  __stack                            
20000000  __start___llvm_prf_cnts            
20000000  __stop___llvm_prf_cnts             
00004875  _c_int00_noargs                    
UNDEFED   _system_post_cinit                 
000048cf  _system_pre_init                   
000048d3  abort                              
ffffffff  binit                              
00003b2f  check_rows                         
00003497  clr_LCD                            
00003a3d  column                             
00000000  g_pfnVectors                       
000043d7  get_file                           
00003adf  get_keyboard                       
20001d2d  global_led                         
000034a1  home_LCD                           
00004403  init_files                         
00004545  init_gpio                          
00004705  init_systick                       
00003ab1  key_catch                          
000039d5  keypad_init                        
20001d0c  keypad_mutex                       
00003b75  keypad_task                        
00003631  lcd_example                        
00003275  lcd_init                           
20001d10  lcd_mutex                          
000034f7  lcd_task                           
0000360d  lcd_write                          
00003c45  lcrh_databits                      
00003c89  lcrh_parity                        
00003c6f  lcrh_stopbits                      
00003763  led_flashing                       
0000371d  led_init                           
000044a7  main                               
000045ed  memcpy                             
00004691  memset                             
000032d3  move_LCD                           
000034bb  out_LCD                            
0000342b  out_LCD_high                       
000033e1  out_LCD_low                        
00000d21  pcTaskGetName                      
00002e33  pcTimerGetName                     
20001c20  pof                                
000043b5  put_file                           
00003e99  pvPortMalloc                       
00001877  pvTaskIncrementMutexHeldCount      
00003229  pvTimerGetTimerID                  
20001f30  pxCurrentTCB                       
00004071  pxPortInitialiseStack              
20001d14  q_keypad                           
20001d18  q_lcd                              
20001d1c  q_uart_rx                          
20001d20  q_uart_tx                          
000039f1  row                                
00003a7d  set_column                         
20001f7f  state                              
000047d9  status_led_init                    
00004807  status_led_task                    
20001f81  timer_state                        
0000382f  turn_led                           
00003cdd  uart0_fifos_disable                
00003cd1  uart0_fifos_enable                 
00003dc5  uart0_get_q                        
00003de3  uart0_getc                         
00003ce9  uart0_init                         
00003dab  uart0_put_q                        
00003df7  uart0_putc                         
00003dd9  uart0_rx_rdy                       
00003deb  uart0_tx_rdy                       
00003e0b  uart_rx_task                       
00003e37  uart_tx_task                       
000048f0  ulMaxSyscallInterruptPriority      
000042e9  ulPortGetIPSR                      
00001895  ulTaskGenericNotifyTake            
00001f05  ulTaskGenericNotifyValueClear      
0000428f  uxListRemove                       
0000297d  uxQueueMessagesWaiting             
000029b3  uxQueueMessagesWaitingFromISR      
00002993  uxQueueSpacesAvailable             
00000d15  uxTaskGetNumberOfTasks             
00000621  uxTaskPriorityGet                  
0000064d  uxTaskPriorityGetFromISR           
00001855  uxTaskResetEventItemValue          
00002df5  uxTimerGetReloadMode               
000048f4  uxTopUsedPriority                  
000041ad  vListInitialise                    
000041dd  vListInitialiseItem                
00004229  vListInsert                        
000041ed  vListInsertEnd                     
000043a5  vPortEnableVFP                     
00004111  vPortEndScheduler                  
00004113  vPortEnterCritical                 
00004133  vPortExitCritical                  
00003fb1  vPortFree                          
00004015  vPortInitialiseBlocks              
00004361  vPortSVCHandler                    
0000416f  vPortSetupTimerInterrupt           
00004381  vPortStartFirstTask                
000029c9  vQueueDelete                       
00002c2f  vQueueWaitForMessageRestricted     
000005eb  vTaskDelay                         
000004a3  vTaskDelete                        
00000b23  vTaskEndScheduler                  
00001d5d  vTaskGenericNotifyGiveFromISR      
00001337  vTaskInternalSetTimeOutState       
000013d9  vTaskMissedYield                   
00000fb3  vTaskPlaceOnEventList              
00001045  vTaskPlaceOnEventListRestricted    
00000fcf  vTaskPlaceOnUnorderedEventList     
00001749  vTaskPriorityDisinheritAfterTimeout
000006a9  vTaskPrioritySet                   
0000120f  vTaskRemoveFromUnorderedEventList  
0000092b  vTaskResume                        
00001319  vTaskSetTimeOutState               
00000acd  vTaskStartScheduler                
00000801  vTaskSuspend                       
00000b45  vTaskSuspendAll                    
00000f51  vTaskSwitchContext                 
00002dbf  vTimerSetReloadMode                
00003243  vTimerSetTimerID                   
00003295  wr_ch_LCD                          
00003441  wr_ctrl_LCD                        
000033cb  wr_ctrl_LCD_high                   
00003309  wr_ctrl_LCD_low                    
000032b5  wr_str_LCD                         
0000400f  xPortGetFreeHeapSize               
00004301  xPortPendSVHandler                 
000040db  xPortStartScheduler                
00004149  xPortSysTickHandler                
000021e7  xQueueCreateMutex                  
00002117  xQueueGenericCreate                
00002045  xQueueGenericReset                 
00002293  xQueueGenericSend                  
000023c1  xQueueGenericSendFromISR           
00002463  xQueueGiveFromISR                  
00002213  xQueueGiveMutexRecursive           
00002bc3  xQueueIsQueueEmptyFromISR          
00002c09  xQueueIsQueueFullFromISR           
0000276f  xQueuePeek                         
0000292b  xQueuePeekFromISR                  
000024f7  xQueueReceive                      
00002891  xQueueReceiveFromISR               
00002615  xQueueSemaphoreTake                
0000224f  xQueueTakeMutexRecursive           
00000d41  xTaskCatchUpTicks                  
00001355  xTaskCheckForTimeOut               
0000026d  xTaskCreate                        
0000055b  xTaskDelayUntil                    
000019fd  xTaskGenericNotify                 
00001b81  xTaskGenericNotifyFromISR          
00001eb5  xTaskGenericNotifyStateClear       
00001933  xTaskGenericNotifyWait             
000014e9  xTaskGetCurrentTaskHandle          
000014f9  xTaskGetSchedulerState             
00000ce9  xTaskGetTickCount                  
00000d01  xTaskGetTickCountFromISR           
00000d89  xTaskIncrementTick                 
00001661  xTaskPriorityDisinherit            
00001531  xTaskPriorityInherit               
000010b1  xTaskRemoveFromEventList           
00000b59  xTaskResumeAll                     
000009f5  xTaskResumeFromISR                 
00002cb7  xTimerCreate                       
00002c8d  xTimerCreateTimerTask              
00002d3b  xTimerGenericCommand               
00002e1d  xTimerGetExpiryTime                
00002dad  xTimerGetPeriod                    
00002da7  xTimerGetTimerDaemonTaskHandle     
00003201  xTimerIsTimerActive                
20001d24  xTimer_led_dur                     
20001d28  xTimer_led_freq                    


GLOBAL SYMBOLS: SORTED BY Symbol Address 

address   name                               
-------   ----                               
00000000  __TI_static_base__                 
00000000  g_pfnVectors                       
00000200  __STACK_SIZE                       
0000026d  xTaskCreate                        
000004a3  vTaskDelete                        
0000055b  xTaskDelayUntil                    
000005eb  vTaskDelay                         
00000621  uxTaskPriorityGet                  
0000064d  uxTaskPriorityGetFromISR           
000006a9  vTaskPrioritySet                   
00000801  vTaskSuspend                       
0000092b  vTaskResume                        
000009f5  xTaskResumeFromISR                 
00000acd  vTaskStartScheduler                
00000b23  vTaskEndScheduler                  
00000b45  vTaskSuspendAll                    
00000b59  xTaskResumeAll                     
00000ce9  xTaskGetTickCount                  
00000d01  xTaskGetTickCountFromISR           
00000d15  uxTaskGetNumberOfTasks             
00000d21  pcTaskGetName                      
00000d41  xTaskCatchUpTicks                  
00000d89  xTaskIncrementTick                 
00000f51  vTaskSwitchContext                 
00000fb3  vTaskPlaceOnEventList              
00000fcf  vTaskPlaceOnUnorderedEventList     
00001045  vTaskPlaceOnEventListRestricted    
000010b1  xTaskRemoveFromEventList           
0000120f  vTaskRemoveFromUnorderedEventList  
00001319  vTaskSetTimeOutState               
00001337  vTaskInternalSetTimeOutState       
00001355  xTaskCheckForTimeOut               
000013d9  vTaskMissedYield                   
000014e9  xTaskGetCurrentTaskHandle          
000014f9  xTaskGetSchedulerState             
00001531  xTaskPriorityInherit               
00001661  xTaskPriorityDisinherit            
00001749  vTaskPriorityDisinheritAfterTimeout
00001855  uxTaskResetEventItemValue          
00001877  pvTaskIncrementMutexHeldCount      
00001895  ulTaskGenericNotifyTake            
00001933  xTaskGenericNotifyWait             
000019fd  xTaskGenericNotify                 
00001b81  xTaskGenericNotifyFromISR          
00001d5d  vTaskGenericNotifyGiveFromISR      
00001eb5  xTaskGenericNotifyStateClear       
00001f05  ulTaskGenericNotifyValueClear      
00002045  xQueueGenericReset                 
00002117  xQueueGenericCreate                
000021e7  xQueueCreateMutex                  
00002213  xQueueGiveMutexRecursive           
0000224f  xQueueTakeMutexRecursive           
00002293  xQueueGenericSend                  
000023c1  xQueueGenericSendFromISR           
00002463  xQueueGiveFromISR                  
000024f7  xQueueReceive                      
00002615  xQueueSemaphoreTake                
0000276f  xQueuePeek                         
00002891  xQueueReceiveFromISR               
0000292b  xQueuePeekFromISR                  
0000297d  uxQueueMessagesWaiting             
00002993  uxQueueSpacesAvailable             
000029b3  uxQueueMessagesWaitingFromISR      
000029c9  vQueueDelete                       
00002bc3  xQueueIsQueueEmptyFromISR          
00002c09  xQueueIsQueueFullFromISR           
00002c2f  vQueueWaitForMessageRestricted     
00002c8d  xTimerCreateTimerTask              
00002cb7  xTimerCreate                       
00002d3b  xTimerGenericCommand               
00002da7  xTimerGetTimerDaemonTaskHandle     
00002dad  xTimerGetPeriod                    
00002dbf  vTimerSetReloadMode                
00002df5  uxTimerGetReloadMode               
00002e1d  xTimerGetExpiryTime                
00002e33  pcTimerGetName                     
00003201  xTimerIsTimerActive                
00003229  pvTimerGetTimerID                  
00003243  vTimerSetTimerID                   
00003275  lcd_init                           
00003295  wr_ch_LCD                          
000032b5  wr_str_LCD                         
000032d3  move_LCD                           
00003309  wr_ctrl_LCD_low                    
000033cb  wr_ctrl_LCD_high                   
000033e1  out_LCD_low                        
0000342b  out_LCD_high                       
00003441  wr_ctrl_LCD                        
00003497  clr_LCD                            
000034a1  home_LCD                           
000034ab  Set_cursor                         
000034bb  out_LCD                            
000034f7  lcd_task                           
0000360d  lcd_write                          
00003631  lcd_example                        
0000371d  led_init                           
00003763  led_flashing                       
0000382f  turn_led                           
000039d5  keypad_init                        
000039f1  row                                
00003a3d  column                             
00003a7d  set_column                         
00003ab1  key_catch                          
00003adf  get_keyboard                       
00003b2f  check_rows                         
00003b75  keypad_task                        
00003c45  lcrh_databits                      
00003c6f  lcrh_stopbits                      
00003c89  lcrh_parity                        
00003cd1  uart0_fifos_enable                 
00003cdd  uart0_fifos_disable                
00003ce9  uart0_init                         
00003dab  uart0_put_q                        
00003dc5  uart0_get_q                        
00003dd9  uart0_rx_rdy                       
00003de3  uart0_getc                         
00003deb  uart0_tx_rdy                       
00003df7  uart0_putc                         
00003e0b  uart_rx_task                       
00003e37  uart_tx_task                       
00003e99  pvPortMalloc                       
00003fb1  vPortFree                          
0000400f  xPortGetFreeHeapSize               
00004015  vPortInitialiseBlocks              
00004071  pxPortInitialiseStack              
000040db  xPortStartScheduler                
00004111  vPortEndScheduler                  
00004113  vPortEnterCritical                 
00004133  vPortExitCritical                  
00004149  xPortSysTickHandler                
0000416f  vPortSetupTimerInterrupt           
000041ad  vListInitialise                    
000041dd  vListInitialiseItem                
000041ed  vListInsertEnd                     
00004229  vListInsert                        
0000428f  uxListRemove                       
000042e9  ulPortGetIPSR                      
00004301  xPortPendSVHandler                 
00004361  vPortSVCHandler                    
00004381  vPortStartFirstTask                
000043a5  vPortEnableVFP                     
000043b5  put_file                           
000043d7  get_file                           
00004403  init_files                         
000044a7  main                               
00004545  init_gpio                          
000045ed  __aeabi_memcpy                     
000045ed  __aeabi_memcpy4                    
000045ed  __aeabi_memcpy8                    
000045ed  memcpy                             
00004689  __aeabi_memclr                     
00004689  __aeabi_memclr4                    
00004689  __aeabi_memclr8                    
0000468b  __aeabi_memset                     
0000468b  __aeabi_memset4                    
0000468b  __aeabi_memset8                    
00004691  memset                             
00004705  init_systick                       
00004771  __TI_decompress_lzss               
000047d9  status_led_init                    
00004807  status_led_task                    
00004831  __TI_auto_init_nobinit_nopinit     
00004875  _c_int00_noargs                    
000048a9  __TI_decompress_none               
000048b7  __TI_zero_init                     
000048c3  ResetISR                           
000048cf  _system_pre_init                   
000048d3  C$$EXIT                            
000048d3  abort                              
000048e4  LCD_init_sequense                  
000048f0  ulMaxSyscallInterruptPriority      
000048f4  uxTopUsedPriority                  
0000490c  __TI_Handler_Table_Base            
00004918  __TI_Handler_Table_Limit           
00004920  __TI_CINIT_Base                    
00004930  __TI_CINIT_Limit                   
20000000  __start___llvm_prf_cnts            
20000000  __stop___llvm_prf_cnts             
20001c20  pof                                
20001d0c  keypad_mutex                       
20001d10  lcd_mutex                          
20001d14  q_keypad                           
20001d18  q_lcd                              
20001d1c  q_uart_rx                          
20001d20  q_uart_tx                          
20001d24  xTimer_led_dur                     
20001d28  xTimer_led_freq                    
20001d2c  LCD_init                           
20001d2d  global_led                         
20001d30  __stack                            
20001f30  __STACK_END                        
20001f30  __STACK_TOP                        
20001f30  pxCurrentTCB                       
20001f7c  LCD_state                          
20001f7f  state                              
20001f80  KEYPAD_state                       
20001f81  timer_state                        
ffffffff  __TI_pprof_out_hndl                
ffffffff  __TI_prof_data_size                
ffffffff  __TI_prof_data_start               
ffffffff  __binit__                          
ffffffff  __c_args__                         
ffffffff  binit                              
UNDEFED   __mpu_init                         
UNDEFED   _system_post_cinit                 

[205 symbols]
