******************************************************************************
                  TI ARM Linker PC v20.2.5                     
******************************************************************************
>> Linked Fri May  5 13:29:43 2023

OUTPUT FILE NAME:   <LCD_RTOS.out>
ENTRY POINT SYMBOL: "_c_int00_noargs"  address: 00004339


MEMORY CONFIGURATION

         name            origin    length      used     unused   attr    fill
----------------------  --------  ---------  --------  --------  ----  --------
  FLASH                 00000000   00040000  000043f6  0003bc0a  R  X
  SRAM                  20000000   00008000  00001f42  000060be  RW X


SEGMENT ALLOCATION MAP

run origin  load origin   length   init length attrs members
----------  ----------- ---------- ----------- ----- -------
00000000    00000000    000043f8   000043f8    r-x
  00000000    00000000    0000026c   0000026c    r-- .intvecs
  0000026c    0000026c    0000412e   0000412e    r-x .text
  0000439c    0000439c    00000014   00000014    r-- .const
  000043b0    000043b0    00000048   00000048    r-- .cinit
20000000    20000000    00001f44   00000000    rw-
  20000000    20000000    00001cee   00000000    rw- .bss
  20001cf0    20001cf0    00000200   00000000    rw- .stack
  20001ef0    20001ef0    00000054   00000000    rw- .data


SECTION ALLOCATION MAP

 output                                  attributes/
section   page    origin      length       input sections
--------  ----  ----------  ----------   ----------------
.intvecs   0    00000000    0000026c     
                  00000000    0000026c     startup_frt.obj (.intvecs)

.text      0    0000026c    0000412e     
                  0000026c    00001d30     tasks.obj (.text)
                  00001f9c    00000bea     queue.obj (.text)
                  00002b86    00000002     rtsv7M4_T_le_v4SPD16_eabi.lib : div0.asm.obj (.text)
                  00002b88    00000514     string.obj (.text)
                  0000309c    00000440     lcd.obj (.text)
                  000034dc    00000254     uart0.obj (.text)
                  00003730    000001d8     SPI.obj (.text)
                  00003908    000001d8     heap_2.obj (.text)
                  00003ae0    0000013c     port.obj (.text)
                  00003c1c    0000012a     list.obj (.text)
                  00003d46    00000002     --HOLE-- [fill = 0]
                  00003d48    00000114     main.obj (.text)
                  00003e5c    000000da     portasm.obj (.text)
                  00003f36    00000002     --HOLE-- [fill = 0]
                  00003f38    000000ac     file.obj (.text)
                  00003fe4    0000009c     rtsv7M4_T_le_v4SPD16_eabi.lib : memcpy_t2.asm.obj (.text)
                  00004080    0000008c     gpio.obj (.text)
                  0000410c    0000007a     rtsv7M4_T_le_v4SPD16_eabi.lib : memset_t2.asm.obj (.text)
                  00004186    00000002     --HOLE-- [fill = 0]
                  00004188    0000006c     systick_frt.obj (.text)
                  000041f4    00000068     rtsv7M4_T_le_v4SPD16_eabi.lib : copy_decompress_lzss.c.obj (.text:decompress:lzss:__TI_decompress_lzss)
                  0000425c    00000058     status_led.obj (.text)
                  000042b4    00000044     rtsv7M4_T_le_v4SPD16_eabi.lib : autoinit.c.obj (.text:__TI_auto_init_nobinit_nopinit:__TI_auto_init_nobinit_nopinit)
                  000042f8    00000040                                   : u_divt2.asm.obj (.text)
                  00004338    00000034                                   : boot_cortex_m.c.obj (.text:_c_int00_noargs:_c_int00_noargs)
                  0000436c    0000000e                                   : copy_decompress_none.c.obj (.text:decompress:none:__TI_decompress_none)
                  0000437a    0000000c                                   : copy_zero_init.c.obj (.text:decompress:ZI:__TI_zero_init)
                  00004386    0000000c     startup_frt.obj (.text)
                  00004392    00000004     rtsv7M4_T_le_v4SPD16_eabi.lib : pre_init.c.obj (.text:_system_pre_init)
                  00004396    00000004                                   : exit.c.obj (.text:abort:abort)

.const     0    0000439c    00000014     
                  0000439c    0000000a     lcd.obj (.const:.string:LCD_init_sequense)
                  000043a6    00000002     --HOLE-- [fill = 0]
                  000043a8    00000004     port.obj (.const)
                  000043ac    00000004     tasks.obj (.const)

.cinit     0    000043b0    00000048     
                  000043b0    00000024     (.cinit..data.load) [load image, compression = lzss]
                  000043d4    0000000c     (__TI_handler_table)
                  000043e0    00000008     (.cinit..bss.load) [load image, compression = zero_init]
                  000043e8    00000010     (__TI_cinit_table)

.init_array 
*          0    00000000    00000000     UNINITIALIZED

.bss       0    20000000    00001cee     UNINITIALIZED
                  20000000    00001b58     heap_2.obj (.bss:ucHeap)
                  20001b58    000000c8     tasks.obj (.bss:pxReadyTasksLists)
                  20001c20    00000040     (.common:pof)
                  20001c60    00000014     tasks.obj (.bss:xDelayedTaskList1)
                  20001c74    00000014     tasks.obj (.bss:xDelayedTaskList2)
                  20001c88    00000014     tasks.obj (.bss:xPendingReadyList)
                  20001c9c    00000014     tasks.obj (.bss:xSuspendedTaskList)
                  20001cb0    00000014     tasks.obj (.bss:xTasksWaitingTermination)
                  20001cc4    00000008     tasks.obj (.bss)
                  20001ccc    00000008     heap_2.obj (.bss:xEnd)
                  20001cd4    00000008     heap_2.obj (.bss:xStart)
                  20001cdc    00000004     (.common:lcd_mutex)
                  20001ce0    00000004     (.common:q_lcd)
                  20001ce4    00000004     (.common:q_uart_rx)
                  20001ce8    00000004     (.common:q_uart_tx)
                  20001cec    00000001     (.common:LCD_init)
                  20001ced    00000001     (.common:data)

.data      0    20001ef0    00000054     UNINITIALIZED
                  20001ef0    00000034     tasks.obj (.data)
                  20001f24    0000000a     SPI.obj (.data:hello)
                  20001f2e    00000002     lcd.obj (.data)
                  20001f30    00000008     SPI.obj (.data)
                  20001f38    00000008     heap_2.obj (.data)
                  20001f40    00000004     port.obj (.data)

.stack     0    20001cf0    00000200     UNINITIALIZED
                  20001cf0    00000004     rtsv7M4_T_le_v4SPD16_eabi.lib : boot_cortex_m.c.obj (.stack)
                  20001cf4    000001fc     --HOLE--

__llvm_prf_cnts 
*          0    20000000    00000000     UNINITIALIZED

MODULE SUMMARY

       Module                       code    ro data   rw data
       ------                       ----    -------   -------
    .\
       string.obj                   1300    0         0      
       lcd.obj                      1088    10        3      
       uart0.obj                    596     0         0      
       SPI.obj                      472     0         19     
       main.obj                     276     0         16     
       file.obj                     172     0         64     
       gpio.obj                     140     0         0      
       status_led.obj               88      0         0      
    +--+----------------------------+-------+---------+---------+
       Total:                       4132    10        102    
                                                             
    .\frt10\port\MemMang\
       heap_2.obj                   472     0         7024   
    +--+----------------------------+-------+---------+---------+
       Total:                       472     0         7024   
                                                             
    .\frt10\port\TivaM4\
       startup_frt.obj              12      620       0      
       port.obj                     316     4         4      
       portasm.obj                  218     0         0      
       systick_frt.obj              108     0         0      
    +--+----------------------------+-------+---------+---------+
       Total:                       654     624       4      
                                                             
    .\frt10\src\
       tasks.obj                    7472    4         360    
       queue.obj                    3050    0         0      
       list.obj                     298     0         0      
    +--+----------------------------+-------+---------+---------+
       Total:                       10820   4         360    
                                                             
    C:\ti\ccs1110\ccs\tools\compiler\ti-cgt-arm_20.2.5.LTS\lib\rtsv7M4_T_le_v4SPD16_eabi.lib
       memcpy_t2.asm.obj            156     0         0      
       memset_t2.asm.obj            122     0         0      
       copy_decompress_lzss.c.obj   104     0         0      
       autoinit.c.obj               68      0         0      
       u_divt2.asm.obj              64      0         0      
       boot_cortex_m.c.obj          52      0         0      
       copy_decompress_none.c.obj   14      0         0      
       copy_zero_init.c.obj         12      0         0      
       exit.c.obj                   4       0         0      
       pre_init.c.obj               4       0         0      
       div0.asm.obj                 2       0         0      
    +--+----------------------------+-------+---------+---------+
       Total:                       602     0         0      
                                                             
       Stack:                       0       0         512    
       Linker Generated:            0       72        0      
    +--+----------------------------+-------+---------+---------+
       Grand Total:                 16680   710       8002   


LINKER GENERATED COPY TABLES

__TI_cinit_table @ 000043e8 records: 2, size/record: 8, table size: 16
	.data: load addr=000043b0, load size=00000024 bytes, run addr=20001ef0, run size=00000054 bytes, compression=lzss
	.bss: load addr=000043e0, load size=00000008 bytes, run addr=20000000, run size=00001cee bytes, compression=zero_init


LINKER GENERATED HANDLER TABLE

__TI_handler_table @ 000043d4 records: 3, size/record: 4, table size: 12
	index: 0, handler: __TI_decompress_lzss
	index: 1, handler: __TI_decompress_none
	index: 2, handler: __TI_zero_init


GLOBAL SYMBOLS: SORTED ALPHABETICALLY BY Name 

address   name                               
-------   ----                               
00004397  C$$EXIT                            
20001cec  LCD_init                           
0000439c  LCD_init_sequense                  
20001f2e  LCD_state                          
00004387  ResetISR                           
00003731  SPI_init                           
00003899  SPI_receive                        
00003845  SPI_task                           
000032b3  Set_cursor                         
20001ef0  __STACK_END                        
00000200  __STACK_SIZE                       
20001ef0  __STACK_TOP                        
000043e8  __TI_CINIT_Base                    
000043f8  __TI_CINIT_Limit                   
000043d4  __TI_Handler_Table_Base            
000043e0  __TI_Handler_Table_Limit           
000042b5  __TI_auto_init_nobinit_nopinit     
000041f5  __TI_decompress_lzss               
0000436d  __TI_decompress_none               
ffffffff  __TI_pprof_out_hndl                
ffffffff  __TI_prof_data_size                
ffffffff  __TI_prof_data_start               
00000000  __TI_static_base__                 
0000437b  __TI_zero_init                     
00002b87  __aeabi_idiv0                      
00002b87  __aeabi_ldiv0                      
0000410d  __aeabi_memclr                     
0000410d  __aeabi_memclr4                    
0000410d  __aeabi_memclr8                    
00003fe5  __aeabi_memcpy                     
00003fe5  __aeabi_memcpy4                    
00003fe5  __aeabi_memcpy8                    
0000410f  __aeabi_memset                     
0000410f  __aeabi_memset4                    
0000410f  __aeabi_memset8                    
000042f9  __aeabi_uidiv                      
000042f9  __aeabi_uidivmod                   
ffffffff  __binit__                          
ffffffff  __c_args__                         
UNDEFED   __mpu_init                         
20001cf0  __stack                            
20000000  __start___llvm_prf_cnts            
20000000  __stop___llvm_prf_cnts             
00004339  _c_int00_noargs                    
UNDEFED   _system_post_cinit                 
00004393  _system_pre_init                   
00004397  abort                              
ffffffff  binit                              
0000329f  clr_LCD                            
20001f34  counter                            
20001ced  data                               
00000000  g_pfnVectors                       
000037c3  getParity                          
00003f5b  get_file                           
00003011  gfprintf                           
00002d7d  gprint                             
0000303b  gprintf                            
00003065  gsprintf                           
20001f24  hello                              
000032a9  home_LCD                           
00003f87  init_files                         
00004081  init_gpio                          
00004189  init_systick                       
0000380b  insertParity                       
00003435  lcd_hello                          
000032ff  lcd_init                           
20001cdc  lcd_mutex                          
00003321  lcd_task                           
000034dd  lcrh_databits                      
00003521  lcrh_parity                        
00003507  lcrh_stopbits                      
00003d6f  main                               
00003fe5  memcpy                             
00004115  memset                             
000030db  move_LCD                           
20001f30  myValue                            
000032c3  out_LCD                            
00003233  out_LCD_high                       
000031e9  out_LCD_low                        
00000d11  pcTaskGetName                      
20001c20  pof                                
00002bdb  putChars                           
00002c05  putDec                             
00002cf9  putHex                             
00002bbb  putStr                             
00003f39  put_file                           
00002b89  putc1                              
00003909  pvPortMalloc                       
000017c9  pvTaskIncrementMutexHeldCount      
20001ef0  pxCurrentTCB                       
00003ae1  pxPortInitialiseStack              
20001ce0  q_lcd                              
20001ce4  q_uart_rx                          
20001ce8  q_uart_tx                          
00003837  removeParity                       
0000425d  status_led_init                    
0000428b  status_led_task                    
00003575  uart0_fifos_disable                
00003569  uart0_fifos_enable                 
0000365d  uart0_get_q                        
0000367b  uart0_getc                         
00003581  uart0_init                         
00003643  uart0_put_q                        
0000368f  uart0_putc                         
00003671  uart0_rx_rdy                       
00003683  uart0_tx_rdy                       
000036a3  uart_rx_task                       
000036cf  uart_tx_task                       
000043a8  ulMaxSyscallInterruptPriority      
00003e6d  ulPortGetIPSR                      
000017e9  ulTaskGenericNotifyTake            
00001e59  ulTaskGenericNotifyValueClear      
00003cff  uxListRemove                       
000028d5  uxQueueMessagesWaiting             
0000290b  uxQueueMessagesWaitingFromISR      
000028eb  uxQueueSpacesAvailable             
00000d01  uxTaskGetNumberOfTasks             
00000621  uxTaskPriorityGet                  
0000064d  uxTaskPriorityGetFromISR           
000017a1  uxTaskResetEventItemValue          
000043ac  uxTopUsedPriority                  
00003c1d  vListInitialise                    
00003c4d  vListInitialiseItem                
00003c99  vListInsert                        
00003c5d  vListInsertEnd                     
00003f29  vPortEnableVFP                     
00003b81  vPortEndScheduler                  
00003b83  vPortEnterCritical                 
00003ba3  vPortExitCritical                  
00003a21  vPortFree                          
00003a85  vPortInitialiseBlocks              
00003ee5  vPortSVCHandler                    
00003bdf  vPortSetupTimerInterrupt           
00003f05  vPortStartFirstTask                
00002921  vQueueDelete                       
000005eb  vTaskDelay                         
000004a3  vTaskDelete                        
00000b17  vTaskEndScheduler                  
00001cb1  vTaskGenericNotifyGiveFromISR      
000012bd  vTaskInternalSetTimeOutState       
00001361  vTaskMissedYield                   
00000f9b  vTaskPlaceOnEventList              
00000fbd  vTaskPlaceOnUnorderedEventList     
000016a1  vTaskPriorityDisinheritAfterTimeout
000006a9  vTaskPrioritySet                   
00001195  vTaskRemoveFromUnorderedEventList  
0000092b  vTaskResume                        
0000129f  vTaskSetTimeOutState               
00000acd  vTaskStartScheduler                
00000801  vTaskSuspend                       
00000b33  vTaskSuspendAll                    
00000f39  vTaskSwitchContext                 
0000309d  wr_ch_LCD                          
00003249  wr_ctrl_LCD                        
000031d3  wr_ctrl_LCD_high                   
00003111  wr_ctrl_LCD_low                    
000030bd  wr_str_LCD                         
00003a7f  xPortGetFreeHeapSize               
00003e85  xPortPendSVHandler                 
00003b4b  xPortStartScheduler                
00003bb9  xPortSysTickHandler                
0000213f  xQueueCreateMutex                  
0000206f  xQueueGenericCreate                
00001f9d  xQueueGenericReset                 
000021eb  xQueueGenericSend                  
00002319  xQueueGenericSendFromISR           
000023bb  xQueueGiveFromISR                  
0000216b  xQueueGiveMutexRecursive           
00002b1b  xQueueIsQueueEmptyFromISR          
00002b61  xQueueIsQueueFullFromISR           
000026c7  xQueuePeek                         
00002883  xQueuePeekFromISR                  
0000244f  xQueueReceive                      
000027e9  xQueueReceiveFromISR               
0000256d  xQueueSemaphoreTake                
000021a7  xQueueTakeMutexRecursive           
00000d31  xTaskCatchUpTicks                  
000012dd  xTaskCheckForTimeOut               
0000026d  xTaskCreate                        
0000055b  xTaskDelayUntil                    
00001951  xTaskGenericNotify                 
00001ad9  xTaskGenericNotifyFromISR          
00001e09  xTaskGenericNotifyStateClear       
0000188f  xTaskGenericNotifyWait             
00001465  xTaskGetCurrentTaskHandle          
00000cd5  xTaskGetTickCount                  
00000ce9  xTaskGetTickCountFromISR           
00000d6d  xTaskIncrementTick                 
000015a9  xTaskPriorityDisinherit            
00001489  xTaskPriorityInherit               
00001035  xTaskRemoveFromEventList           
00000b49  xTaskResumeAll                     
000009f5  xTaskResumeFromISR                 


GLOBAL SYMBOLS: SORTED BY Symbol Address 

address   name                               
-------   ----                               
00000000  __TI_static_base__                 
00000000  g_pfnVectors                       
00000200  __STACK_SIZE                       
0000026d  xTaskCreate                        
000004a3  vTaskDelete                        
0000055b  xTaskDelayUntil                    
000005eb  vTaskDelay                         
00000621  uxTaskPriorityGet                  
0000064d  uxTaskPriorityGetFromISR           
000006a9  vTaskPrioritySet                   
00000801  vTaskSuspend                       
0000092b  vTaskResume                        
000009f5  xTaskResumeFromISR                 
00000acd  vTaskStartScheduler                
00000b17  vTaskEndScheduler                  
00000b33  vTaskSuspendAll                    
00000b49  xTaskResumeAll                     
00000cd5  xTaskGetTickCount                  
00000ce9  xTaskGetTickCountFromISR           
00000d01  uxTaskGetNumberOfTasks             
00000d11  pcTaskGetName                      
00000d31  xTaskCatchUpTicks                  
00000d6d  xTaskIncrementTick                 
00000f39  vTaskSwitchContext                 
00000f9b  vTaskPlaceOnEventList              
00000fbd  vTaskPlaceOnUnorderedEventList     
00001035  xTaskRemoveFromEventList           
00001195  vTaskRemoveFromUnorderedEventList  
0000129f  vTaskSetTimeOutState               
000012bd  vTaskInternalSetTimeOutState       
000012dd  xTaskCheckForTimeOut               
00001361  vTaskMissedYield                   
00001465  xTaskGetCurrentTaskHandle          
00001489  xTaskPriorityInherit               
000015a9  xTaskPriorityDisinherit            
000016a1  vTaskPriorityDisinheritAfterTimeout
000017a1  uxTaskResetEventItemValue          
000017c9  pvTaskIncrementMutexHeldCount      
000017e9  ulTaskGenericNotifyTake            
0000188f  xTaskGenericNotifyWait             
00001951  xTaskGenericNotify                 
00001ad9  xTaskGenericNotifyFromISR          
00001cb1  vTaskGenericNotifyGiveFromISR      
00001e09  xTaskGenericNotifyStateClear       
00001e59  ulTaskGenericNotifyValueClear      
00001f9d  xQueueGenericReset                 
0000206f  xQueueGenericCreate                
0000213f  xQueueCreateMutex                  
0000216b  xQueueGiveMutexRecursive           
000021a7  xQueueTakeMutexRecursive           
000021eb  xQueueGenericSend                  
00002319  xQueueGenericSendFromISR           
000023bb  xQueueGiveFromISR                  
0000244f  xQueueReceive                      
0000256d  xQueueSemaphoreTake                
000026c7  xQueuePeek                         
000027e9  xQueueReceiveFromISR               
00002883  xQueuePeekFromISR                  
000028d5  uxQueueMessagesWaiting             
000028eb  uxQueueSpacesAvailable             
0000290b  uxQueueMessagesWaitingFromISR      
00002921  vQueueDelete                       
00002b1b  xQueueIsQueueEmptyFromISR          
00002b61  xQueueIsQueueFullFromISR           
00002b87  __aeabi_idiv0                      
00002b87  __aeabi_ldiv0                      
00002b89  putc1                              
00002bbb  putStr                             
00002bdb  putChars                           
00002c05  putDec                             
00002cf9  putHex                             
00002d7d  gprint                             
00003011  gfprintf                           
0000303b  gprintf                            
00003065  gsprintf                           
0000309d  wr_ch_LCD                          
000030bd  wr_str_LCD                         
000030db  move_LCD                           
00003111  wr_ctrl_LCD_low                    
000031d3  wr_ctrl_LCD_high                   
000031e9  out_LCD_low                        
00003233  out_LCD_high                       
00003249  wr_ctrl_LCD                        
0000329f  clr_LCD                            
000032a9  home_LCD                           
000032b3  Set_cursor                         
000032c3  out_LCD                            
000032ff  lcd_init                           
00003321  lcd_task                           
00003435  lcd_hello                          
000034dd  lcrh_databits                      
00003507  lcrh_stopbits                      
00003521  lcrh_parity                        
00003569  uart0_fifos_enable                 
00003575  uart0_fifos_disable                
00003581  uart0_init                         
00003643  uart0_put_q                        
0000365d  uart0_get_q                        
00003671  uart0_rx_rdy                       
0000367b  uart0_getc                         
00003683  uart0_tx_rdy                       
0000368f  uart0_putc                         
000036a3  uart_rx_task                       
000036cf  uart_tx_task                       
00003731  SPI_init                           
000037c3  getParity                          
0000380b  insertParity                       
00003837  removeParity                       
00003845  SPI_task                           
00003899  SPI_receive                        
00003909  pvPortMalloc                       
00003a21  vPortFree                          
00003a7f  xPortGetFreeHeapSize               
00003a85  vPortInitialiseBlocks              
00003ae1  pxPortInitialiseStack              
00003b4b  xPortStartScheduler                
00003b81  vPortEndScheduler                  
00003b83  vPortEnterCritical                 
00003ba3  vPortExitCritical                  
00003bb9  xPortSysTickHandler                
00003bdf  vPortSetupTimerInterrupt           
00003c1d  vListInitialise                    
00003c4d  vListInitialiseItem                
00003c5d  vListInsertEnd                     
00003c99  vListInsert                        
00003cff  uxListRemove                       
00003d6f  main                               
00003e6d  ulPortGetIPSR                      
00003e85  xPortPendSVHandler                 
00003ee5  vPortSVCHandler                    
00003f05  vPortStartFirstTask                
00003f29  vPortEnableVFP                     
00003f39  put_file                           
00003f5b  get_file                           
00003f87  init_files                         
00003fe5  __aeabi_memcpy                     
00003fe5  __aeabi_memcpy4                    
00003fe5  __aeabi_memcpy8                    
00003fe5  memcpy                             
00004081  init_gpio                          
0000410d  __aeabi_memclr                     
0000410d  __aeabi_memclr4                    
0000410d  __aeabi_memclr8                    
0000410f  __aeabi_memset                     
0000410f  __aeabi_memset4                    
0000410f  __aeabi_memset8                    
00004115  memset                             
00004189  init_systick                       
000041f5  __TI_decompress_lzss               
0000425d  status_led_init                    
0000428b  status_led_task                    
000042b5  __TI_auto_init_nobinit_nopinit     
000042f9  __aeabi_uidiv                      
000042f9  __aeabi_uidivmod                   
00004339  _c_int00_noargs                    
0000436d  __TI_decompress_none               
0000437b  __TI_zero_init                     
00004387  ResetISR                           
00004393  _system_pre_init                   
00004397  C$$EXIT                            
00004397  abort                              
0000439c  LCD_init_sequense                  
000043a8  ulMaxSyscallInterruptPriority      
000043ac  uxTopUsedPriority                  
000043d4  __TI_Handler_Table_Base            
000043e0  __TI_Handler_Table_Limit           
000043e8  __TI_CINIT_Base                    
000043f8  __TI_CINIT_Limit                   
20000000  __start___llvm_prf_cnts            
20000000  __stop___llvm_prf_cnts             
20001c20  pof                                
20001cdc  lcd_mutex                          
20001ce0  q_lcd                              
20001ce4  q_uart_rx                          
20001ce8  q_uart_tx                          
20001cec  LCD_init                           
20001ced  data                               
20001cf0  __stack                            
20001ef0  __STACK_END                        
20001ef0  __STACK_TOP                        
20001ef0  pxCurrentTCB                       
20001f24  hello                              
20001f2e  LCD_state                          
20001f30  myValue                            
20001f34  counter                            
ffffffff  __TI_pprof_out_hndl                
ffffffff  __TI_prof_data_size                
ffffffff  __TI_prof_data_start               
ffffffff  __binit__                          
ffffffff  __c_args__                         
ffffffff  binit                              
UNDEFED   __mpu_init                         
UNDEFED   _system_post_cinit                 

[193 symbols]
