******************************************************************************
                  TI ARM Linker PC v20.2.5                     
******************************************************************************
>> Linked Mon May  8 13:53:46 2023

OUTPUT FILE NAME:   <LCD_RTOS.out>
ENTRY POINT SYMBOL: "_c_int00_noargs"  address: 00004a11


MEMORY CONFIGURATION

         name            origin    length      used     unused   attr    fill
----------------------  --------  ---------  --------  --------  ----  --------
  FLASH                 00000000   00040000  00004aca  0003b536  R  X
  SRAM                  20000000   00008000  00001f88  00006078  RW X


SEGMENT ALLOCATION MAP

run origin  load origin   length   init length attrs members
----------  ----------- ---------- ----------- ----- -------
00000000    00000000    00004ad0   00004ad0    r-x
  00000000    00000000    0000026c   0000026c    r-- .intvecs
  0000026c    0000026c    00004806   00004806    r-x .text
  00004a74    00004a74    00000020   00000020    r-- .const
  00004a98    00004a98    00000038   00000038    r-- .cinit
20000000    20000000    00001f8a   00000000    rw-
  20000000    20000000    00001d36   00000000    rw- .bss
  20001d38    20001d38    00000200   00000000    rw- .stack
  20001f38    20001f38    00000052   00000000    rw- .data


SECTION ALLOCATION MAP

 output                                  attributes/
section   page    origin      length       input sections
--------  ----  ----------  ----------   ----------------
.intvecs   0    00000000    0000026c     
                  00000000    0000026c     startup_frt.obj (.intvecs)

.text      0    0000026c    00004806     
                  0000026c    00001dd8     tasks.obj (.text)
                  00002044    00000c46     queue.obj (.text)
                  00002c8a    00000002     --HOLE-- [fill = 0]
                  00002c8c    000005e8     timers.obj (.text)
                  00003274    00000498     lcd.obj (.text)
                  0000370c    000002fc     uart0.obj (.text)
                  00003a08    000002f0     leds.obj (.text)
                  00003cf8    00000270     key.obj (.text)
                  00003f68    000001d8     heap_2.obj (.text)
                  00004140    00000140     main.obj (.text)
                  00004280    0000013c     port.obj (.text)
                  000043bc    0000012a     list.obj (.text)
                  000044e6    00000002     --HOLE-- [fill = 0]
                  000044e8    000000da     portasm.obj (.text)
                  000045c2    00000002     --HOLE-- [fill = 0]
                  000045c4    000000c8     file.obj (.text)
                  0000468c    000000a8     gpio.obj (.text)
                  00004734    0000009c     rtsv7M4_T_le_v4SPD16_eabi.lib : memcpy_t2.asm.obj (.text)
                  000047d0    0000007a                                   : memset_t2.asm.obj (.text)
                  0000484a    00000002     --HOLE-- [fill = 0]
                  0000484c    0000006c     systick_frt.obj (.text)
                  000048b8    00000068     rtsv7M4_T_le_v4SPD16_eabi.lib : copy_decompress_lzss.c.obj (.text:decompress:lzss:__TI_decompress_lzss)
                  00004920    00000058     status_led.obj (.text)
                  00004978    00000054     ice_cream_settings.obj (.text)
                  000049cc    00000044     rtsv7M4_T_le_v4SPD16_eabi.lib : autoinit.c.obj (.text:__TI_auto_init_nobinit_nopinit:__TI_auto_init_nobinit_nopinit)
                  00004a10    00000034                                   : boot_cortex_m.c.obj (.text:_c_int00_noargs:_c_int00_noargs)
                  00004a44    0000000e                                   : copy_decompress_none.c.obj (.text:decompress:none:__TI_decompress_none)
                  00004a52    0000000c                                   : copy_zero_init.c.obj (.text:decompress:ZI:__TI_zero_init)
                  00004a5e    0000000c     startup_frt.obj (.text)
                  00004a6a    00000004     rtsv7M4_T_le_v4SPD16_eabi.lib : pre_init.c.obj (.text:_system_pre_init)
                  00004a6e    00000004                                   : exit.c.obj (.text:abort:abort)

.const     0    00004a74    00000020     
                  00004a74    0000000c     key.obj (.const:$P$T0$1)
                  00004a80    0000000a     lcd.obj (.const:.string:LCD_init_sequense)
                  00004a8a    00000002     --HOLE-- [fill = 0]
                  00004a8c    00000004     port.obj (.const)
                  00004a90    00000004     tasks.obj (.const)

.cinit     0    00004a98    00000038     
                  00004a98    00000012     (.cinit..data.load) [load image, compression = lzss]
                  00004aaa    00000002     --HOLE-- [fill = 0]
                  00004aac    0000000c     (__TI_handler_table)
                  00004ab8    00000008     (.cinit..bss.load) [load image, compression = zero_init]
                  00004ac0    00000010     (__TI_cinit_table)

.init_array 
*          0    00000000    00000000     UNINITIALIZED

.bss       0    20000000    00001d36     UNINITIALIZED
                  20000000    00001b58     heap_2.obj (.bss:ucHeap)
                  20001b58    000000c8     tasks.obj (.bss:pxReadyTasksLists)
                  20001c20    00000040     (.common:pof)
                  20001c60    00000014     timers.obj (.bss:xActiveTimerList1)
                  20001c74    00000014     timers.obj (.bss:xActiveTimerList2)
                  20001c88    00000014     tasks.obj (.bss:xDelayedTaskList1)
                  20001c9c    00000014     tasks.obj (.bss:xDelayedTaskList2)
                  20001cb0    00000014     tasks.obj (.bss:xPendingReadyList)
                  20001cc4    00000014     tasks.obj (.bss:xSuspendedTaskList)
                  20001cd8    00000014     tasks.obj (.bss:xTasksWaitingTermination)
                  20001cec    00000008     tasks.obj (.bss)
                  20001cf4    00000008     timers.obj (.bss)
                  20001cfc    00000008     heap_2.obj (.bss:xEnd)
                  20001d04    00000008     heap_2.obj (.bss:xStart)
                  20001d0c    00000004     (.common:keypad_mutex)
                  20001d10    00000004     (.common:lcd_mutex)
                  20001d14    00000004     (.common:mutex_uart_rx)
                  20001d18    00000004     (.common:mutex_uart_tx)
                  20001d1c    00000004     (.common:q_keypad)
                  20001d20    00000004     (.common:q_lcd)
                  20001d24    00000004     (.common:q_uart_rx)
                  20001d28    00000004     (.common:q_uart_tx)
                  20001d2c    00000004     (.common:xTimer_led_dur)
                  20001d30    00000004     (.common:xTimer_led_freq)
                  20001d34    00000001     (.common:LCD_init)
                  20001d35    00000001     (.common:global_led)

.data      0    20001f38    00000052     UNINITIALIZED
                  20001f38    00000034     tasks.obj (.data)
                  20001f6c    0000000c     timers.obj (.data)
                  20001f78    00000008     heap_2.obj (.data)
                  20001f80    00000004     port.obj (.data)
                  20001f84    00000003     lcd.obj (.data)
                  20001f87    00000002     key.obj (.data)
                  20001f89    00000001     leds.obj (.data)

.stack     0    20001d38    00000200     UNINITIALIZED
                  20001d38    00000004     rtsv7M4_T_le_v4SPD16_eabi.lib : boot_cortex_m.c.obj (.stack)
                  20001d3c    000001fc     --HOLE--

__llvm_prf_cnts 
*          0    20000000    00000000     UNINITIALIZED

MODULE SUMMARY

       Module                       code    ro data   rw data
       ------                       ----    -------   -------
    .\
       lcd.obj                      1176    10        4      
       uart0.obj                    764     0         0      
       leds.obj                     752     0         2      
       key.obj                      624     12        2      
       main.obj                     320     0         40     
       file.obj                     200     0         64     
       gpio.obj                     168     0         0      
       status_led.obj               88      0         0      
       ice_cream_settings.obj       84      0         0      
    +--+----------------------------+-------+---------+---------+
       Total:                       4176    22        112    
                                                             
    .\frt10\port\MemMang\
       heap_2.obj                   472     0         7024   
    +--+----------------------------+-------+---------+---------+
       Total:                       472     0         7024   
                                                             
    .\frt10\port\TivaM4\
       startup_frt.obj              12      620       0      
       port.obj                     316     4         4      
       portasm.obj                  218     0         0      
       systick_frt.obj              108     0         0      
    +--+----------------------------+-------+---------+---------+
       Total:                       654     624       4      
                                                             
    .\frt10\src\
       tasks.obj                    7640    4         360    
       queue.obj                    3142    0         0      
       timers.obj                   1512    0         60     
       list.obj                     298     0         0      
    +--+----------------------------+-------+---------+---------+
       Total:                       12592   4         420    
                                                             
    C:\ti\ccs1110\ccs\tools\compiler\ti-cgt-arm_20.2.5.LTS\lib\rtsv7M4_T_le_v4SPD16_eabi.lib
       memcpy_t2.asm.obj            156     0         0      
       memset_t2.asm.obj            122     0         0      
       copy_decompress_lzss.c.obj   104     0         0      
       autoinit.c.obj               68      0         0      
       boot_cortex_m.c.obj          52      0         0      
       copy_decompress_none.c.obj   14      0         0      
       copy_zero_init.c.obj         12      0         0      
       exit.c.obj                   4       0         0      
       pre_init.c.obj               4       0         0      
    +--+----------------------------+-------+---------+---------+
       Total:                       536     0         0      
                                                             
       Stack:                       0       0         512    
       Linker Generated:            0       54        0      
    +--+----------------------------+-------+---------+---------+
       Grand Total:                 18430   704       8072   


LINKER GENERATED COPY TABLES

__TI_cinit_table @ 00004ac0 records: 2, size/record: 8, table size: 16
	.data: load addr=00004a98, load size=00000012 bytes, run addr=20001f38, run size=00000052 bytes, compression=lzss
	.bss: load addr=00004ab8, load size=00000008 bytes, run addr=20000000, run size=00001d36 bytes, compression=zero_init


LINKER GENERATED HANDLER TABLE

__TI_handler_table @ 00004aac records: 3, size/record: 4, table size: 12
	index: 0, handler: __TI_decompress_lzss
	index: 1, handler: __TI_decompress_none
	index: 2, handler: __TI_zero_init


GLOBAL SYMBOLS: SORTED ALPHABETICALLY BY Name 

address   name                               
-------   ----                               
00004a6f  C$$EXIT                            
20001f88  KEYPAD_state                       
20001d34  LCD_init                           
00004a80  LCD_init_sequense                  
20001f84  LCD_state                          
00004a5f  ResetISR                           
000034c7  Set_cursor                         
20001f38  __STACK_END                        
00000200  __STACK_SIZE                       
20001f38  __STACK_TOP                        
00004ac0  __TI_CINIT_Base                    
00004ad0  __TI_CINIT_Limit                   
00004aac  __TI_Handler_Table_Base            
00004ab8  __TI_Handler_Table_Limit           
000049cd  __TI_auto_init_nobinit_nopinit     
000048b9  __TI_decompress_lzss               
00004a45  __TI_decompress_none               
ffffffff  __TI_pprof_out_hndl                
ffffffff  __TI_prof_data_size                
ffffffff  __TI_prof_data_start               
00000000  __TI_static_base__                 
00004a53  __TI_zero_init                     
000047d1  __aeabi_memclr                     
000047d1  __aeabi_memclr4                    
000047d1  __aeabi_memclr8                    
00004735  __aeabi_memcpy                     
00004735  __aeabi_memcpy4                    
00004735  __aeabi_memcpy8                    
000047d3  __aeabi_memset                     
000047d3  __aeabi_memset4                    
000047d3  __aeabi_memset8                    
ffffffff  __binit__                          
ffffffff  __c_args__                         
UNDEFED   __mpu_init                         
20001d38  __stack                            
20000000  __start___llvm_prf_cnts            
20000000  __stop___llvm_prf_cnts             
00004a11  _c_int00_noargs                    
UNDEFED   _system_post_cinit                 
00004a6b  _system_pre_init                   
00004a6f  abort                              
ffffffff  binit                              
00003e53  check_rows                         
00003497  clr_LCD                            
00003d61  column                             
00000000  g_pfnVectors                       
000045e7  get_file                           
00003e03  get_keyboard                       
20001d35  global_led                         
000034bd  home_LCD                           
00004613  init_files                         
0000468d  init_gpio                          
0000484d  init_systick                       
00003dd5  key_catch                          
00003cf9  keypad_init                        
20001d0c  keypad_mutex                       
00003e99  keypad_task                        
00003685  lcd_example                        
00003275  lcd_init                           
20001d10  lcd_mutex                          
00003519  lcd_task                           
00003649  lcd_write                          
0000370d  lcrh_databits                      
00003751  lcrh_parity                        
00003737  lcrh_stopbits                      
00003a87  led_flashing                       
00003a41  led_init                           
0000416b  main                               
00004735  memcpy                             
000047d9  memset                             
000032d3  move_LCD                           
20001d14  mutex_uart_rx                      
20001d18  mutex_uart_tx                      
000034d7  out_LCD                            
0000342b  out_LCD_high                       
000033e1  out_LCD_low                        
00000d21  pcTaskGetName                      
00002e33  pcTimerGetName                     
20001c20  pof                                
000045c5  put_file                           
00003f69  pvPortMalloc                       
00001877  pvTaskIncrementMutexHeldCount      
00003229  pvTimerGetTimerID                  
20001f38  pxCurrentTCB                       
00004281  pxPortInitialiseStack              
20001d1c  q_keypad                           
20001d20  q_lcd                              
20001d24  q_uart_rx                          
20001d28  q_uart_tx                          
00003d15  row                                
00003da1  set_column                         
00004979  settings_init                      
0000497b  settings_task                      
20001f87  state                              
00004921  status_led_init                    
0000494f  status_led_task                    
20001f89  timer_state                        
00003b53  turn_led                           
000037a5  uart0_fifos_disable                
00003799  uart0_fifos_enable                 
000038af  uart0_get_q                        
00003907  uart0_getc                         
000037b1  uart0_init                         
00003887  uart0_put_q                        
0000391b  uart0_putc                         
000038fd  uart0_rx_rdy                       
0000390f  uart0_tx_rdy                       
0000392f  uart_rx_task                       
00003977  uart_tx_task                       
00004a8c  ulMaxSyscallInterruptPriority      
000044f9  ulPortGetIPSR                      
00001895  ulTaskGenericNotifyTake            
00001f05  ulTaskGenericNotifyValueClear      
0000449f  uxListRemove                       
0000297d  uxQueueMessagesWaiting             
000029b3  uxQueueMessagesWaitingFromISR      
00002993  uxQueueSpacesAvailable             
00000d15  uxTaskGetNumberOfTasks             
00000621  uxTaskPriorityGet                  
0000064d  uxTaskPriorityGetFromISR           
00001855  uxTaskResetEventItemValue          
00002df5  uxTimerGetReloadMode               
00004a90  uxTopUsedPriority                  
000043bd  vListInitialise                    
000043ed  vListInitialiseItem                
00004439  vListInsert                        
000043fd  vListInsertEnd                     
000045b5  vPortEnableVFP                     
00004321  vPortEndScheduler                  
00004323  vPortEnterCritical                 
00004343  vPortExitCritical                  
00004081  vPortFree                          
000040e5  vPortInitialiseBlocks              
00004571  vPortSVCHandler                    
0000437f  vPortSetupTimerInterrupt           
00004591  vPortStartFirstTask                
000029c9  vQueueDelete                       
00002c2f  vQueueWaitForMessageRestricted     
000005eb  vTaskDelay                         
000004a3  vTaskDelete                        
00000b23  vTaskEndScheduler                  
00001d5d  vTaskGenericNotifyGiveFromISR      
00001337  vTaskInternalSetTimeOutState       
000013d9  vTaskMissedYield                   
00000fb3  vTaskPlaceOnEventList              
00001045  vTaskPlaceOnEventListRestricted    
00000fcf  vTaskPlaceOnUnorderedEventList     
00001749  vTaskPriorityDisinheritAfterTimeout
000006a9  vTaskPrioritySet                   
0000120f  vTaskRemoveFromUnorderedEventList  
0000092b  vTaskResume                        
00001319  vTaskSetTimeOutState               
00000acd  vTaskStartScheduler                
00000801  vTaskSuspend                       
00000b45  vTaskSuspendAll                    
00000f51  vTaskSwitchContext                 
00002dbf  vTimerSetReloadMode                
00003243  vTimerSetTimerID                   
00003295  wr_ch_LCD                          
00003441  wr_ctrl_LCD                        
000033cb  wr_ctrl_LCD_high                   
00003309  wr_ctrl_LCD_low                    
000032b5  wr_str_LCD                         
000040df  xPortGetFreeHeapSize               
00004511  xPortPendSVHandler                 
000042eb  xPortStartScheduler                
00004359  xPortSysTickHandler                
000021e7  xQueueCreateMutex                  
00002117  xQueueGenericCreate                
00002045  xQueueGenericReset                 
00002293  xQueueGenericSend                  
000023c1  xQueueGenericSendFromISR           
00002463  xQueueGiveFromISR                  
00002213  xQueueGiveMutexRecursive           
00002bc3  xQueueIsQueueEmptyFromISR          
00002c09  xQueueIsQueueFullFromISR           
0000276f  xQueuePeek                         
0000292b  xQueuePeekFromISR                  
000024f7  xQueueReceive                      
00002891  xQueueReceiveFromISR               
00002615  xQueueSemaphoreTake                
0000224f  xQueueTakeMutexRecursive           
00000d41  xTaskCatchUpTicks                  
00001355  xTaskCheckForTimeOut               
0000026d  xTaskCreate                        
0000055b  xTaskDelayUntil                    
000019fd  xTaskGenericNotify                 
00001b81  xTaskGenericNotifyFromISR          
00001eb5  xTaskGenericNotifyStateClear       
00001933  xTaskGenericNotifyWait             
000014e9  xTaskGetCurrentTaskHandle          
000014f9  xTaskGetSchedulerState             
00000ce9  xTaskGetTickCount                  
00000d01  xTaskGetTickCountFromISR           
00000d89  xTaskIncrementTick                 
00001661  xTaskPriorityDisinherit            
00001531  xTaskPriorityInherit               
000010b1  xTaskRemoveFromEventList           
00000b59  xTaskResumeAll                     
000009f5  xTaskResumeFromISR                 
00002cb7  xTimerCreate                       
00002c8d  xTimerCreateTimerTask              
00002d3b  xTimerGenericCommand               
00002e1d  xTimerGetExpiryTime                
00002dad  xTimerGetPeriod                    
00002da7  xTimerGetTimerDaemonTaskHandle     
00003201  xTimerIsTimerActive                
20001d2c  xTimer_led_dur                     
20001d30  xTimer_led_freq                    


GLOBAL SYMBOLS: SORTED BY Symbol Address 

address   name                               
-------   ----                               
00000000  __TI_static_base__                 
00000000  g_pfnVectors                       
00000200  __STACK_SIZE                       
0000026d  xTaskCreate                        
000004a3  vTaskDelete                        
0000055b  xTaskDelayUntil                    
000005eb  vTaskDelay                         
00000621  uxTaskPriorityGet                  
0000064d  uxTaskPriorityGetFromISR           
000006a9  vTaskPrioritySet                   
00000801  vTaskSuspend                       
0000092b  vTaskResume                        
000009f5  xTaskResumeFromISR                 
00000acd  vTaskStartScheduler                
00000b23  vTaskEndScheduler                  
00000b45  vTaskSuspendAll                    
00000b59  xTaskResumeAll                     
00000ce9  xTaskGetTickCount                  
00000d01  xTaskGetTickCountFromISR           
00000d15  uxTaskGetNumberOfTasks             
00000d21  pcTaskGetName                      
00000d41  xTaskCatchUpTicks                  
00000d89  xTaskIncrementTick                 
00000f51  vTaskSwitchContext                 
00000fb3  vTaskPlaceOnEventList              
00000fcf  vTaskPlaceOnUnorderedEventList     
00001045  vTaskPlaceOnEventListRestricted    
000010b1  xTaskRemoveFromEventList           
0000120f  vTaskRemoveFromUnorderedEventList  
00001319  vTaskSetTimeOutState               
00001337  vTaskInternalSetTimeOutState       
00001355  xTaskCheckForTimeOut               
000013d9  vTaskMissedYield                   
000014e9  xTaskGetCurrentTaskHandle          
000014f9  xTaskGetSchedulerState             
00001531  xTaskPriorityInherit               
00001661  xTaskPriorityDisinherit            
00001749  vTaskPriorityDisinheritAfterTimeout
00001855  uxTaskResetEventItemValue          
00001877  pvTaskIncrementMutexHeldCount      
00001895  ulTaskGenericNotifyTake            
00001933  xTaskGenericNotifyWait             
000019fd  xTaskGenericNotify                 
00001b81  xTaskGenericNotifyFromISR          
00001d5d  vTaskGenericNotifyGiveFromISR      
00001eb5  xTaskGenericNotifyStateClear       
00001f05  ulTaskGenericNotifyValueClear      
00002045  xQueueGenericReset                 
00002117  xQueueGenericCreate                
000021e7  xQueueCreateMutex                  
00002213  xQueueGiveMutexRecursive           
0000224f  xQueueTakeMutexRecursive           
00002293  xQueueGenericSend                  
000023c1  xQueueGenericSendFromISR           
00002463  xQueueGiveFromISR                  
000024f7  xQueueReceive                      
00002615  xQueueSemaphoreTake                
0000276f  xQueuePeek                         
00002891  xQueueReceiveFromISR               
0000292b  xQueuePeekFromISR                  
0000297d  uxQueueMessagesWaiting             
00002993  uxQueueSpacesAvailable             
000029b3  uxQueueMessagesWaitingFromISR      
000029c9  vQueueDelete                       
00002bc3  xQueueIsQueueEmptyFromISR          
00002c09  xQueueIsQueueFullFromISR           
00002c2f  vQueueWaitForMessageRestricted     
00002c8d  xTimerCreateTimerTask              
00002cb7  xTimerCreate                       
00002d3b  xTimerGenericCommand               
00002da7  xTimerGetTimerDaemonTaskHandle     
00002dad  xTimerGetPeriod                    
00002dbf  vTimerSetReloadMode                
00002df5  uxTimerGetReloadMode               
00002e1d  xTimerGetExpiryTime                
00002e33  pcTimerGetName                     
00003201  xTimerIsTimerActive                
00003229  pvTimerGetTimerID                  
00003243  vTimerSetTimerID                   
00003275  lcd_init                           
00003295  wr_ch_LCD                          
000032b5  wr_str_LCD                         
000032d3  move_LCD                           
00003309  wr_ctrl_LCD_low                    
000033cb  wr_ctrl_LCD_high                   
000033e1  out_LCD_low                        
0000342b  out_LCD_high                       
00003441  wr_ctrl_LCD                        
00003497  clr_LCD                            
000034bd  home_LCD                           
000034c7  Set_cursor                         
000034d7  out_LCD                            
00003519  lcd_task                           
00003649  lcd_write                          
00003685  lcd_example                        
0000370d  lcrh_databits                      
00003737  lcrh_stopbits                      
00003751  lcrh_parity                        
00003799  uart0_fifos_enable                 
000037a5  uart0_fifos_disable                
000037b1  uart0_init                         
00003887  uart0_put_q                        
000038af  uart0_get_q                        
000038fd  uart0_rx_rdy                       
00003907  uart0_getc                         
0000390f  uart0_tx_rdy                       
0000391b  uart0_putc                         
0000392f  uart_rx_task                       
00003977  uart_tx_task                       
00003a41  led_init                           
00003a87  led_flashing                       
00003b53  turn_led                           
00003cf9  keypad_init                        
00003d15  row                                
00003d61  column                             
00003da1  set_column                         
00003dd5  key_catch                          
00003e03  get_keyboard                       
00003e53  check_rows                         
00003e99  keypad_task                        
00003f69  pvPortMalloc                       
00004081  vPortFree                          
000040df  xPortGetFreeHeapSize               
000040e5  vPortInitialiseBlocks              
0000416b  main                               
00004281  pxPortInitialiseStack              
000042eb  xPortStartScheduler                
00004321  vPortEndScheduler                  
00004323  vPortEnterCritical                 
00004343  vPortExitCritical                  
00004359  xPortSysTickHandler                
0000437f  vPortSetupTimerInterrupt           
000043bd  vListInitialise                    
000043ed  vListInitialiseItem                
000043fd  vListInsertEnd                     
00004439  vListInsert                        
0000449f  uxListRemove                       
000044f9  ulPortGetIPSR                      
00004511  xPortPendSVHandler                 
00004571  vPortSVCHandler                    
00004591  vPortStartFirstTask                
000045b5  vPortEnableVFP                     
000045c5  put_file                           
000045e7  get_file                           
00004613  init_files                         
0000468d  init_gpio                          
00004735  __aeabi_memcpy                     
00004735  __aeabi_memcpy4                    
00004735  __aeabi_memcpy8                    
00004735  memcpy                             
000047d1  __aeabi_memclr                     
000047d1  __aeabi_memclr4                    
000047d1  __aeabi_memclr8                    
000047d3  __aeabi_memset                     
000047d3  __aeabi_memset4                    
000047d3  __aeabi_memset8                    
000047d9  memset                             
0000484d  init_systick                       
000048b9  __TI_decompress_lzss               
00004921  status_led_init                    
0000494f  status_led_task                    
00004979  settings_init                      
0000497b  settings_task                      
000049cd  __TI_auto_init_nobinit_nopinit     
00004a11  _c_int00_noargs                    
00004a45  __TI_decompress_none               
00004a53  __TI_zero_init                     
00004a5f  ResetISR                           
00004a6b  _system_pre_init                   
00004a6f  C$$EXIT                            
00004a6f  abort                              
00004a80  LCD_init_sequense                  
00004a8c  ulMaxSyscallInterruptPriority      
00004a90  uxTopUsedPriority                  
00004aac  __TI_Handler_Table_Base            
00004ab8  __TI_Handler_Table_Limit           
00004ac0  __TI_CINIT_Base                    
00004ad0  __TI_CINIT_Limit                   
20000000  __start___llvm_prf_cnts            
20000000  __stop___llvm_prf_cnts             
20001c20  pof                                
20001d0c  keypad_mutex                       
20001d10  lcd_mutex                          
20001d14  mutex_uart_rx                      
20001d18  mutex_uart_tx                      
20001d1c  q_keypad                           
20001d20  q_lcd                              
20001d24  q_uart_rx                          
20001d28  q_uart_tx                          
20001d2c  xTimer_led_dur                     
20001d30  xTimer_led_freq                    
20001d34  LCD_init                           
20001d35  global_led                         
20001d38  __stack                            
20001f38  __STACK_END                        
20001f38  __STACK_TOP                        
20001f38  pxCurrentTCB                       
20001f84  LCD_state                          
20001f87  state                              
20001f88  KEYPAD_state                       
20001f89  timer_state                        
ffffffff  __TI_pprof_out_hndl                
ffffffff  __TI_prof_data_size                
ffffffff  __TI_prof_data_start               
ffffffff  __binit__                          
ffffffff  __c_args__                         
ffffffff  binit                              
UNDEFED   __mpu_init                         
UNDEFED   _system_post_cinit                 

[209 symbols]
