******************************************************************************
                  TI ARM Linker PC v20.2.5                     
******************************************************************************
>> Linked Sat May  6 10:57:56 2023

OUTPUT FILE NAME:   <LCD_RTOS.out>
ENTRY POINT SYMBOL: "_c_int00_noargs"  address: 00003e5d


MEMORY CONFIGURATION

         name            origin    length      used     unused   attr    fill
----------------------  --------  ---------  --------  --------  ----  --------
  FLASH                 00000000   00040000  00003f16  0003c0ea  R  X
  SRAM                  20000000   00008000  00001f3a  000060c6  RW X


SEGMENT ALLOCATION MAP

run origin  load origin   length   init length attrs members
----------  ----------- ---------- ----------- ----- -------
00000000    00000000    00003f18   00003f18    r-x
  00000000    00000000    0000026c   0000026c    r-- .intvecs
  0000026c    0000026c    00003c52   00003c52    r-x .text
  00003ec0    00003ec0    00000020   00000020    r-- .const
  00003ee0    00003ee0    00000038   00000038    r-- .cinit
20000000    20000000    00001f3d   00000000    rw-
  20000000    20000000    00001cf5   00000000    rw- .bss
  20001cf8    20001cf8    00000200   00000000    rw- .stack
  20001ef8    20001ef8    00000045   00000000    rw- .data


SECTION ALLOCATION MAP

 output                                  attributes/
section   page    origin      length       input sections
--------  ----  ----------  ----------   ----------------
.intvecs   0    00000000    0000026c     
                  00000000    0000026c     startup_frt.obj (.intvecs)

.text      0    0000026c    00003c52     
                  0000026c    00001d30     tasks.obj (.text)
                  00001f9c    00000bea     queue.obj (.text)
                  00002b86    00000002     --HOLE-- [fill = 0]
                  00002b88    00000450     lcd.obj (.text)
                  00002fd8    00000254     uart0.obj (.text)
                  0000322c    00000224     key.obj (.text)
                  00003450    000001d8     heap_2.obj (.text)
                  00003628    0000013c     port.obj (.text)
                  00003764    0000012a     list.obj (.text)
                  0000388e    00000002     --HOLE-- [fill = 0]
                  00003890    00000114     main.obj (.text)
                  000039a4    000000da     portasm.obj (.text)
                  00003a7e    00000002     --HOLE-- [fill = 0]
                  00003a80    000000c8     file.obj (.text)
                  00003b48    0000009c     rtsv7M4_T_le_v4SPD16_eabi.lib : memcpy_t2.asm.obj (.text)
                  00003be4    0000008c     gpio.obj (.text)
                  00003c70    0000007a     rtsv7M4_T_le_v4SPD16_eabi.lib : memset_t2.asm.obj (.text)
                  00003cea    00000002     --HOLE-- [fill = 0]
                  00003cec    0000006c     systick_frt.obj (.text)
                  00003d58    00000068     rtsv7M4_T_le_v4SPD16_eabi.lib : copy_decompress_lzss.c.obj (.text:decompress:lzss:__TI_decompress_lzss)
                  00003dc0    00000058     status_led.obj (.text)
                  00003e18    00000044     rtsv7M4_T_le_v4SPD16_eabi.lib : autoinit.c.obj (.text:__TI_auto_init_nobinit_nopinit:__TI_auto_init_nobinit_nopinit)
                  00003e5c    00000034                                   : boot_cortex_m.c.obj (.text:_c_int00_noargs:_c_int00_noargs)
                  00003e90    0000000e                                   : copy_decompress_none.c.obj (.text:decompress:none:__TI_decompress_none)
                  00003e9e    0000000c                                   : copy_zero_init.c.obj (.text:decompress:ZI:__TI_zero_init)
                  00003eaa    0000000c     startup_frt.obj (.text)
                  00003eb6    00000004     rtsv7M4_T_le_v4SPD16_eabi.lib : pre_init.c.obj (.text:_system_pre_init)
                  00003eba    00000004                                   : exit.c.obj (.text:abort:abort)

.const     0    00003ec0    00000020     
                  00003ec0    0000000c     key.obj (.const:$P$T0$1)
                  00003ecc    0000000a     lcd.obj (.const:.string:LCD_init_sequense)
                  00003ed6    00000002     --HOLE-- [fill = 0]
                  00003ed8    00000004     port.obj (.const)
                  00003edc    00000004     tasks.obj (.const)

.cinit     0    00003ee0    00000038     
                  00003ee0    00000012     (.cinit..data.load) [load image, compression = lzss]
                  00003ef2    00000002     --HOLE-- [fill = 0]
                  00003ef4    0000000c     (__TI_handler_table)
                  00003f00    00000008     (.cinit..bss.load) [load image, compression = zero_init]
                  00003f08    00000010     (__TI_cinit_table)

.init_array 
*          0    00000000    00000000     UNINITIALIZED

.bss       0    20000000    00001cf5     UNINITIALIZED
                  20000000    00001b58     heap_2.obj (.bss:ucHeap)
                  20001b58    000000c8     tasks.obj (.bss:pxReadyTasksLists)
                  20001c20    00000040     (.common:pof)
                  20001c60    00000014     tasks.obj (.bss:xDelayedTaskList1)
                  20001c74    00000014     tasks.obj (.bss:xDelayedTaskList2)
                  20001c88    00000014     tasks.obj (.bss:xPendingReadyList)
                  20001c9c    00000014     tasks.obj (.bss:xSuspendedTaskList)
                  20001cb0    00000014     tasks.obj (.bss:xTasksWaitingTermination)
                  20001cc4    00000008     tasks.obj (.bss)
                  20001ccc    00000008     heap_2.obj (.bss:xEnd)
                  20001cd4    00000008     heap_2.obj (.bss:xStart)
                  20001cdc    00000004     (.common:keypad_mutex)
                  20001ce0    00000004     (.common:lcd_mutex)
                  20001ce4    00000004     (.common:q_keypad)
                  20001ce8    00000004     (.common:q_lcd)
                  20001cec    00000004     (.common:q_uart_rx)
                  20001cf0    00000004     (.common:q_uart_tx)
                  20001cf4    00000001     (.common:LCD_init)

.data      0    20001ef8    00000045     UNINITIALIZED
                  20001ef8    00000034     tasks.obj (.data)
                  20001f2c    00000008     heap_2.obj (.data)
                  20001f34    00000004     port.obj (.data)
                  20001f38    00000003     lcd.obj (.data)
                  20001f3b    00000002     key.obj (.data)

.stack     0    20001cf8    00000200     UNINITIALIZED
                  20001cf8    00000004     rtsv7M4_T_le_v4SPD16_eabi.lib : boot_cortex_m.c.obj (.stack)
                  20001cfc    000001fc     --HOLE--

__llvm_prf_cnts 
*          0    20000000    00000000     UNINITIALIZED

MODULE SUMMARY

       Module                       code    ro data   rw data
       ------                       ----    -------   -------
    .\
       lcd.obj                      1104    10        4      
       uart0.obj                    596     0         0      
       key.obj                      548     12        2      
       main.obj                     276     0         24     
       file.obj                     200     0         64     
       gpio.obj                     140     0         0      
       status_led.obj               88      0         0      
    +--+----------------------------+-------+---------+---------+
       Total:                       2952    22        94     
                                                             
    .\frt10\port\MemMang\
       heap_2.obj                   472     0         7024   
    +--+----------------------------+-------+---------+---------+
       Total:                       472     0         7024   
                                                             
    .\frt10\port\TivaM4\
       startup_frt.obj              12      620       0      
       port.obj                     316     4         4      
       portasm.obj                  218     0         0      
       systick_frt.obj              108     0         0      
    +--+----------------------------+-------+---------+---------+
       Total:                       654     624       4      
                                                             
    .\frt10\src\
       tasks.obj                    7472    4         360    
       queue.obj                    3050    0         0      
       list.obj                     298     0         0      
    +--+----------------------------+-------+---------+---------+
       Total:                       10820   4         360    
                                                             
    C:\ti\ccs1110\ccs\tools\compiler\ti-cgt-arm_20.2.5.LTS\lib\rtsv7M4_T_le_v4SPD16_eabi.lib
       memcpy_t2.asm.obj            156     0         0      
       memset_t2.asm.obj            122     0         0      
       copy_decompress_lzss.c.obj   104     0         0      
       autoinit.c.obj               68      0         0      
       boot_cortex_m.c.obj          52      0         0      
       copy_decompress_none.c.obj   14      0         0      
       copy_zero_init.c.obj         12      0         0      
       exit.c.obj                   4       0         0      
       pre_init.c.obj               4       0         0      
    +--+----------------------------+-------+---------+---------+
       Total:                       536     0         0      
                                                             
       Stack:                       0       0         512    
       Linker Generated:            0       54        0      
    +--+----------------------------+-------+---------+---------+
       Grand Total:                 15434   704       7994   


LINKER GENERATED COPY TABLES

__TI_cinit_table @ 00003f08 records: 2, size/record: 8, table size: 16
	.data: load addr=00003ee0, load size=00000012 bytes, run addr=20001ef8, run size=00000045 bytes, compression=lzss
	.bss: load addr=00003f00, load size=00000008 bytes, run addr=20000000, run size=00001cf5 bytes, compression=zero_init


LINKER GENERATED HANDLER TABLE

__TI_handler_table @ 00003ef4 records: 3, size/record: 4, table size: 12
	index: 0, handler: __TI_decompress_lzss
	index: 1, handler: __TI_decompress_none
	index: 2, handler: __TI_zero_init


GLOBAL SYMBOLS: SORTED ALPHABETICALLY BY Name 

address   name                               
-------   ----                               
00003ebb  C$$EXIT                            
20001f3c  KEYPAD_state                       
20001cf4  LCD_init                           
00003ecc  LCD_init_sequense                  
20001f38  LCD_state                          
00003eab  ResetISR                           
00002dbf  Set_cursor                         
20001ef8  __STACK_END                        
00000200  __STACK_SIZE                       
20001ef8  __STACK_TOP                        
00003f08  __TI_CINIT_Base                    
00003f18  __TI_CINIT_Limit                   
00003ef4  __TI_Handler_Table_Base            
00003f00  __TI_Handler_Table_Limit           
00003e19  __TI_auto_init_nobinit_nopinit     
00003d59  __TI_decompress_lzss               
00003e91  __TI_decompress_none               
ffffffff  __TI_pprof_out_hndl                
ffffffff  __TI_prof_data_size                
ffffffff  __TI_prof_data_start               
00000000  __TI_static_base__                 
00003e9f  __TI_zero_init                     
00003c71  __aeabi_memclr                     
00003c71  __aeabi_memclr4                    
00003c71  __aeabi_memclr8                    
00003b49  __aeabi_memcpy                     
00003b49  __aeabi_memcpy4                    
00003b49  __aeabi_memcpy8                    
00003c73  __aeabi_memset                     
00003c73  __aeabi_memset4                    
00003c73  __aeabi_memset8                    
ffffffff  __binit__                          
ffffffff  __c_args__                         
UNDEFED   __mpu_init                         
20001cf8  __stack                            
20000000  __start___llvm_prf_cnts            
20000000  __stop___llvm_prf_cnts             
00003e5d  _c_int00_noargs                    
UNDEFED   _system_post_cinit                 
00003eb7  _system_pre_init                   
00003ebb  abort                              
ffffffff  binit                              
00003313  check_column                       
00002dab  clr_LCD                            
00000000  g_pfnVectors                       
00003aa3  get_file                           
000032c3  get_keyboard                       
00002db5  home_LCD                           
00003acf  init_files                         
00003be5  init_gpio                          
00003ced  init_systick                       
00003295  key_catch                          
0000322d  keypad_init                        
20001cdc  keypad_mutex                       
00003359  keypad_task                        
00002f45  lcd_example                        
00002b89  lcd_init                           
20001ce0  lcd_mutex                          
00002e0b  lcd_task                           
00002f21  lcd_write                          
00002fd9  lcrh_databits                      
0000301d  lcrh_parity                        
00003003  lcrh_stopbits                      
000038b7  main                               
00003b49  memcpy                             
00003c79  memset                             
00002be7  move_LCD                           
00002dcf  out_LCD                            
00002d3f  out_LCD_high                       
00002cf5  out_LCD_low                        
00000d11  pcTaskGetName                      
20001c20  pof                                
00003a81  put_file                           
00003451  pvPortMalloc                       
000017c9  pvTaskIncrementMutexHeldCount      
20001ef8  pxCurrentTCB                       
00003629  pxPortInitialiseStack              
20001ce4  q_keypad                           
20001ce8  q_lcd                              
20001cec  q_uart_rx                          
20001cf0  q_uart_tx                          
00003249  row                                
20001f3b  state                              
00003dc1  status_led_init                    
00003def  status_led_task                    
00003071  uart0_fifos_disable                
00003065  uart0_fifos_enable                 
00003159  uart0_get_q                        
00003177  uart0_getc                         
0000307d  uart0_init                         
0000313f  uart0_put_q                        
0000318b  uart0_putc                         
0000316d  uart0_rx_rdy                       
0000317f  uart0_tx_rdy                       
0000319f  uart_rx_task                       
000031cb  uart_tx_task                       
00003ed8  ulMaxSyscallInterruptPriority      
000039b5  ulPortGetIPSR                      
000017e9  ulTaskGenericNotifyTake            
00001e59  ulTaskGenericNotifyValueClear      
00003847  uxListRemove                       
000028d5  uxQueueMessagesWaiting             
0000290b  uxQueueMessagesWaitingFromISR      
000028eb  uxQueueSpacesAvailable             
00000d01  uxTaskGetNumberOfTasks             
00000621  uxTaskPriorityGet                  
0000064d  uxTaskPriorityGetFromISR           
000017a1  uxTaskResetEventItemValue          
00003edc  uxTopUsedPriority                  
00003765  vListInitialise                    
00003795  vListInitialiseItem                
000037e1  vListInsert                        
000037a5  vListInsertEnd                     
00003a71  vPortEnableVFP                     
000036c9  vPortEndScheduler                  
000036cb  vPortEnterCritical                 
000036eb  vPortExitCritical                  
00003569  vPortFree                          
000035cd  vPortInitialiseBlocks              
00003a2d  vPortSVCHandler                    
00003727  vPortSetupTimerInterrupt           
00003a4d  vPortStartFirstTask                
00002921  vQueueDelete                       
000005eb  vTaskDelay                         
000004a3  vTaskDelete                        
00000b17  vTaskEndScheduler                  
00001cb1  vTaskGenericNotifyGiveFromISR      
000012bd  vTaskInternalSetTimeOutState       
00001361  vTaskMissedYield                   
00000f9b  vTaskPlaceOnEventList              
00000fbd  vTaskPlaceOnUnorderedEventList     
000016a1  vTaskPriorityDisinheritAfterTimeout
000006a9  vTaskPrioritySet                   
00001195  vTaskRemoveFromUnorderedEventList  
0000092b  vTaskResume                        
0000129f  vTaskSetTimeOutState               
00000acd  vTaskStartScheduler                
00000801  vTaskSuspend                       
00000b33  vTaskSuspendAll                    
00000f39  vTaskSwitchContext                 
00002ba9  wr_ch_LCD                          
00002d55  wr_ctrl_LCD                        
00002cdf  wr_ctrl_LCD_high                   
00002c1d  wr_ctrl_LCD_low                    
00002bc9  wr_str_LCD                         
000035c7  xPortGetFreeHeapSize               
000039cd  xPortPendSVHandler                 
00003693  xPortStartScheduler                
00003701  xPortSysTickHandler                
0000213f  xQueueCreateMutex                  
0000206f  xQueueGenericCreate                
00001f9d  xQueueGenericReset                 
000021eb  xQueueGenericSend                  
00002319  xQueueGenericSendFromISR           
000023bb  xQueueGiveFromISR                  
0000216b  xQueueGiveMutexRecursive           
00002b1b  xQueueIsQueueEmptyFromISR          
00002b61  xQueueIsQueueFullFromISR           
000026c7  xQueuePeek                         
00002883  xQueuePeekFromISR                  
0000244f  xQueueReceive                      
000027e9  xQueueReceiveFromISR               
0000256d  xQueueSemaphoreTake                
000021a7  xQueueTakeMutexRecursive           
00000d31  xTaskCatchUpTicks                  
000012dd  xTaskCheckForTimeOut               
0000026d  xTaskCreate                        
0000055b  xTaskDelayUntil                    
00001951  xTaskGenericNotify                 
00001ad9  xTaskGenericNotifyFromISR          
00001e09  xTaskGenericNotifyStateClear       
0000188f  xTaskGenericNotifyWait             
00001465  xTaskGetCurrentTaskHandle          
00000cd5  xTaskGetTickCount                  
00000ce9  xTaskGetTickCountFromISR           
00000d6d  xTaskIncrementTick                 
000015a9  xTaskPriorityDisinherit            
00001489  xTaskPriorityInherit               
00001035  xTaskRemoveFromEventList           
00000b49  xTaskResumeAll                     
000009f5  xTaskResumeFromISR                 


GLOBAL SYMBOLS: SORTED BY Symbol Address 

address   name                               
-------   ----                               
00000000  __TI_static_base__                 
00000000  g_pfnVectors                       
00000200  __STACK_SIZE                       
0000026d  xTaskCreate                        
000004a3  vTaskDelete                        
0000055b  xTaskDelayUntil                    
000005eb  vTaskDelay                         
00000621  uxTaskPriorityGet                  
0000064d  uxTaskPriorityGetFromISR           
000006a9  vTaskPrioritySet                   
00000801  vTaskSuspend                       
0000092b  vTaskResume                        
000009f5  xTaskResumeFromISR                 
00000acd  vTaskStartScheduler                
00000b17  vTaskEndScheduler                  
00000b33  vTaskSuspendAll                    
00000b49  xTaskResumeAll                     
00000cd5  xTaskGetTickCount                  
00000ce9  xTaskGetTickCountFromISR           
00000d01  uxTaskGetNumberOfTasks             
00000d11  pcTaskGetName                      
00000d31  xTaskCatchUpTicks                  
00000d6d  xTaskIncrementTick                 
00000f39  vTaskSwitchContext                 
00000f9b  vTaskPlaceOnEventList              
00000fbd  vTaskPlaceOnUnorderedEventList     
00001035  xTaskRemoveFromEventList           
00001195  vTaskRemoveFromUnorderedEventList  
0000129f  vTaskSetTimeOutState               
000012bd  vTaskInternalSetTimeOutState       
000012dd  xTaskCheckForTimeOut               
00001361  vTaskMissedYield                   
00001465  xTaskGetCurrentTaskHandle          
00001489  xTaskPriorityInherit               
000015a9  xTaskPriorityDisinherit            
000016a1  vTaskPriorityDisinheritAfterTimeout
000017a1  uxTaskResetEventItemValue          
000017c9  pvTaskIncrementMutexHeldCount      
000017e9  ulTaskGenericNotifyTake            
0000188f  xTaskGenericNotifyWait             
00001951  xTaskGenericNotify                 
00001ad9  xTaskGenericNotifyFromISR          
00001cb1  vTaskGenericNotifyGiveFromISR      
00001e09  xTaskGenericNotifyStateClear       
00001e59  ulTaskGenericNotifyValueClear      
00001f9d  xQueueGenericReset                 
0000206f  xQueueGenericCreate                
0000213f  xQueueCreateMutex                  
0000216b  xQueueGiveMutexRecursive           
000021a7  xQueueTakeMutexRecursive           
000021eb  xQueueGenericSend                  
00002319  xQueueGenericSendFromISR           
000023bb  xQueueGiveFromISR                  
0000244f  xQueueReceive                      
0000256d  xQueueSemaphoreTake                
000026c7  xQueuePeek                         
000027e9  xQueueReceiveFromISR               
00002883  xQueuePeekFromISR                  
000028d5  uxQueueMessagesWaiting             
000028eb  uxQueueSpacesAvailable             
0000290b  uxQueueMessagesWaitingFromISR      
00002921  vQueueDelete                       
00002b1b  xQueueIsQueueEmptyFromISR          
00002b61  xQueueIsQueueFullFromISR           
00002b89  lcd_init                           
00002ba9  wr_ch_LCD                          
00002bc9  wr_str_LCD                         
00002be7  move_LCD                           
00002c1d  wr_ctrl_LCD_low                    
00002cdf  wr_ctrl_LCD_high                   
00002cf5  out_LCD_low                        
00002d3f  out_LCD_high                       
00002d55  wr_ctrl_LCD                        
00002dab  clr_LCD                            
00002db5  home_LCD                           
00002dbf  Set_cursor                         
00002dcf  out_LCD                            
00002e0b  lcd_task                           
00002f21  lcd_write                          
00002f45  lcd_example                        
00002fd9  lcrh_databits                      
00003003  lcrh_stopbits                      
0000301d  lcrh_parity                        
00003065  uart0_fifos_enable                 
00003071  uart0_fifos_disable                
0000307d  uart0_init                         
0000313f  uart0_put_q                        
00003159  uart0_get_q                        
0000316d  uart0_rx_rdy                       
00003177  uart0_getc                         
0000317f  uart0_tx_rdy                       
0000318b  uart0_putc                         
0000319f  uart_rx_task                       
000031cb  uart_tx_task                       
0000322d  keypad_init                        
00003249  row                                
00003295  key_catch                          
000032c3  get_keyboard                       
00003313  check_column                       
00003359  keypad_task                        
00003451  pvPortMalloc                       
00003569  vPortFree                          
000035c7  xPortGetFreeHeapSize               
000035cd  vPortInitialiseBlocks              
00003629  pxPortInitialiseStack              
00003693  xPortStartScheduler                
000036c9  vPortEndScheduler                  
000036cb  vPortEnterCritical                 
000036eb  vPortExitCritical                  
00003701  xPortSysTickHandler                
00003727  vPortSetupTimerInterrupt           
00003765  vListInitialise                    
00003795  vListInitialiseItem                
000037a5  vListInsertEnd                     
000037e1  vListInsert                        
00003847  uxListRemove                       
000038b7  main                               
000039b5  ulPortGetIPSR                      
000039cd  xPortPendSVHandler                 
00003a2d  vPortSVCHandler                    
00003a4d  vPortStartFirstTask                
00003a71  vPortEnableVFP                     
00003a81  put_file                           
00003aa3  get_file                           
00003acf  init_files                         
00003b49  __aeabi_memcpy                     
00003b49  __aeabi_memcpy4                    
00003b49  __aeabi_memcpy8                    
00003b49  memcpy                             
00003be5  init_gpio                          
00003c71  __aeabi_memclr                     
00003c71  __aeabi_memclr4                    
00003c71  __aeabi_memclr8                    
00003c73  __aeabi_memset                     
00003c73  __aeabi_memset4                    
00003c73  __aeabi_memset8                    
00003c79  memset                             
00003ced  init_systick                       
00003d59  __TI_decompress_lzss               
00003dc1  status_led_init                    
00003def  status_led_task                    
00003e19  __TI_auto_init_nobinit_nopinit     
00003e5d  _c_int00_noargs                    
00003e91  __TI_decompress_none               
00003e9f  __TI_zero_init                     
00003eab  ResetISR                           
00003eb7  _system_pre_init                   
00003ebb  C$$EXIT                            
00003ebb  abort                              
00003ecc  LCD_init_sequense                  
00003ed8  ulMaxSyscallInterruptPriority      
00003edc  uxTopUsedPriority                  
00003ef4  __TI_Handler_Table_Base            
00003f00  __TI_Handler_Table_Limit           
00003f08  __TI_CINIT_Base                    
00003f18  __TI_CINIT_Limit                   
20000000  __start___llvm_prf_cnts            
20000000  __stop___llvm_prf_cnts             
20001c20  pof                                
20001cdc  keypad_mutex                       
20001ce0  lcd_mutex                          
20001ce4  q_keypad                           
20001ce8  q_lcd                              
20001cec  q_uart_rx                          
20001cf0  q_uart_tx                          
20001cf4  LCD_init                           
20001cf8  __stack                            
20001ef8  __STACK_END                        
20001ef8  __STACK_TOP                        
20001ef8  pxCurrentTCB                       
20001f38  LCD_state                          
20001f3b  state                              
20001f3c  KEYPAD_state                       
ffffffff  __TI_pprof_out_hndl                
ffffffff  __TI_prof_data_size                
ffffffff  __TI_prof_data_start               
ffffffff  __binit__                          
ffffffff  __c_args__                         
ffffffff  binit                              
UNDEFED   __mpu_init                         
UNDEFED   _system_post_cinit                 

[181 symbols]
